Archive member included to satisfy reference by file (symbol)

C:/ST/STM32CubeIDE_1.19.0/STM32CubeIDE/plugins/com.st.stm32cube.ide.mcu.externaltools.gnu-tools-for-stm32.13.3.rel1.win32_1.0.0.202411081344/tools/bin/../lib/gcc/arm-none-eabi/13.3.1/../../../../arm-none-eabi/lib/thumb/v7e-m+fp/hard\libc_nano.a(libc_a-exit.o)
                              C:/ST/STM32CubeIDE_1.19.0/STM32CubeIDE/plugins/com.st.stm32cube.ide.mcu.externaltools.gnu-tools-for-stm32.13.3.rel1.win32_1.0.0.202411081344/tools/bin/../lib/gcc/arm-none-eabi/13.3.1/../../../../arm-none-eabi/lib/thumb/v7e-m+fp/hard/crt0.o (exit)
C:/ST/STM32CubeIDE_1.19.0/STM32CubeIDE/plugins/com.st.stm32cube.ide.mcu.externaltools.gnu-tools-for-stm32.13.3.rel1.win32_1.0.0.202411081344/tools/bin/../lib/gcc/arm-none-eabi/13.3.1/../../../../arm-none-eabi/lib/thumb/v7e-m+fp/hard\libc_nano.a(libc_a-findfp.o)
                              C:/ST/STM32CubeIDE_1.19.0/STM32CubeIDE/plugins/com.st.stm32cube.ide.mcu.externaltools.gnu-tools-for-stm32.13.3.rel1.win32_1.0.0.202411081344/tools/bin/../lib/gcc/arm-none-eabi/13.3.1/../../../../arm-none-eabi/lib/thumb/v7e-m+fp/hard\libc_nano.a(libc_a-exit.o) (__stdio_exit_handler)
C:/ST/STM32CubeIDE_1.19.0/STM32CubeIDE/plugins/com.st.stm32cube.ide.mcu.externaltools.gnu-tools-for-stm32.13.3.rel1.win32_1.0.0.202411081344/tools/bin/../lib/gcc/arm-none-eabi/13.3.1/../../../../arm-none-eabi/lib/thumb/v7e-m+fp/hard\libc_nano.a(libc_a-fwalk.o)
                              C:/ST/STM32CubeIDE_1.19.0/STM32CubeIDE/plugins/com.st.stm32cube.ide.mcu.externaltools.gnu-tools-for-stm32.13.3.rel1.win32_1.0.0.202411081344/tools/bin/../lib/gcc/arm-none-eabi/13.3.1/../../../../arm-none-eabi/lib/thumb/v7e-m+fp/hard\libc_nano.a(libc_a-findfp.o) (_fwalk_sglue)
C:/ST/STM32CubeIDE_1.19.0/STM32CubeIDE/plugins/com.st.stm32cube.ide.mcu.externaltools.gnu-tools-for-stm32.13.3.rel1.win32_1.0.0.202411081344/tools/bin/../lib/gcc/arm-none-eabi/13.3.1/../../../../arm-none-eabi/lib/thumb/v7e-m+fp/hard\libc_nano.a(libc_a-stdio.o)
                              C:/ST/STM32CubeIDE_1.19.0/STM32CubeIDE/plugins/com.st.stm32cube.ide.mcu.externaltools.gnu-tools-for-stm32.13.3.rel1.win32_1.0.0.202411081344/tools/bin/../lib/gcc/arm-none-eabi/13.3.1/../../../../arm-none-eabi/lib/thumb/v7e-m+fp/hard\libc_nano.a(libc_a-findfp.o) (__sread)
C:/ST/STM32CubeIDE_1.19.0/STM32CubeIDE/plugins/com.st.stm32cube.ide.mcu.externaltools.gnu-tools-for-stm32.13.3.rel1.win32_1.0.0.202411081344/tools/bin/../lib/gcc/arm-none-eabi/13.3.1/../../../../arm-none-eabi/lib/thumb/v7e-m+fp/hard\libc_nano.a(libc_a-memset.o)
                              C:/ST/STM32CubeIDE_1.19.0/STM32CubeIDE/plugins/com.st.stm32cube.ide.mcu.externaltools.gnu-tools-for-stm32.13.3.rel1.win32_1.0.0.202411081344/tools/bin/../lib/gcc/arm-none-eabi/13.3.1/../../../../arm-none-eabi/lib/thumb/v7e-m+fp/hard/crt0.o (memset)
C:/ST/STM32CubeIDE_1.19.0/STM32CubeIDE/plugins/com.st.stm32cube.ide.mcu.externaltools.gnu-tools-for-stm32.13.3.rel1.win32_1.0.0.202411081344/tools/bin/../lib/gcc/arm-none-eabi/13.3.1/../../../../arm-none-eabi/lib/thumb/v7e-m+fp/hard\libc_nano.a(libc_a-closer.o)
                              C:/ST/STM32CubeIDE_1.19.0/STM32CubeIDE/plugins/com.st.stm32cube.ide.mcu.externaltools.gnu-tools-for-stm32.13.3.rel1.win32_1.0.0.202411081344/tools/bin/../lib/gcc/arm-none-eabi/13.3.1/../../../../arm-none-eabi/lib/thumb/v7e-m+fp/hard\libc_nano.a(libc_a-stdio.o) (_close_r)
C:/ST/STM32CubeIDE_1.19.0/STM32CubeIDE/plugins/com.st.stm32cube.ide.mcu.externaltools.gnu-tools-for-stm32.13.3.rel1.win32_1.0.0.202411081344/tools/bin/../lib/gcc/arm-none-eabi/13.3.1/../../../../arm-none-eabi/lib/thumb/v7e-m+fp/hard\libc_nano.a(libc_a-reent.o)
                              C:/ST/STM32CubeIDE_1.19.0/STM32CubeIDE/plugins/com.st.stm32cube.ide.mcu.externaltools.gnu-tools-for-stm32.13.3.rel1.win32_1.0.0.202411081344/tools/bin/../lib/gcc/arm-none-eabi/13.3.1/../../../../arm-none-eabi/lib/thumb/v7e-m+fp/hard\libc_nano.a(libc_a-closer.o) (errno)
C:/ST/STM32CubeIDE_1.19.0/STM32CubeIDE/plugins/com.st.stm32cube.ide.mcu.externaltools.gnu-tools-for-stm32.13.3.rel1.win32_1.0.0.202411081344/tools/bin/../lib/gcc/arm-none-eabi/13.3.1/../../../../arm-none-eabi/lib/thumb/v7e-m+fp/hard\libc_nano.a(libc_a-impure.o)
                              C:/ST/STM32CubeIDE_1.19.0/STM32CubeIDE/plugins/com.st.stm32cube.ide.mcu.externaltools.gnu-tools-for-stm32.13.3.rel1.win32_1.0.0.202411081344/tools/bin/../lib/gcc/arm-none-eabi/13.3.1/../../../../arm-none-eabi/lib/thumb/v7e-m+fp/hard\libc_nano.a(libc_a-reent.o) (_impure_ptr)
C:/ST/STM32CubeIDE_1.19.0/STM32CubeIDE/plugins/com.st.stm32cube.ide.mcu.externaltools.gnu-tools-for-stm32.13.3.rel1.win32_1.0.0.202411081344/tools/bin/../lib/gcc/arm-none-eabi/13.3.1/../../../../arm-none-eabi/lib/thumb/v7e-m+fp/hard\libc_nano.a(libc_a-lseekr.o)
[...]
Memory Configuration

Name             Origin             Length             Attributes
RAM              0x20000000         0x00008000         xrw
FLASH            0x08000000         0x00020000         xr
*default*        0x00000000         0xffffffff

Linker script and memory map

LOAD C:/ST/STM32CubeIDE_1.19.0/STM32CubeIDE/plugins/com.st.stm32cube.ide.mcu.externaltools.gnu-tools-for-stm32.13.3.rel1.win32_1.0.0.202411081344/tools/bin/../lib/gcc/arm-none-eabi/13.3.1/thumb/v7e-m+fp/hard/crti.o
LOAD C:/ST/STM32CubeIDE_1.19.0/STM32CubeIDE/plugins/com.st.stm32cube.ide.mcu.externaltools.gnu-tools-for-stm32.13.3.rel1.win32_1.0.0.202411081344/tools/bin/../lib/gcc/arm-none-eabi/13.3.1/thumb/v7e-m+fp/hard/crtbegin.o
LOAD C:/ST/STM32CubeIDE_1.19.0/STM32CubeIDE/plugins/com.st.stm32cube.ide.mcu.externaltools.gnu-tools-for-stm32.13.3.rel1.win32_1.0.0.202411081344/tools/bin/../lib/gcc/arm-none-eabi/13.3.1/../../../../arm-none-eabi/lib/thumb/v7e-m+fp/hard/crt0.o
LOAD ./Application/app_CMD.o
LOAD ./Application/app_DMXCore.o
LOAD ./Application/app_Sequence.o
LOAD ./Application/app_WS2811.o
LOAD ./Core/Src/main.o
LOAD ./Core/Src/stm32f3xx_hal_msp.o
LOAD ./Core/Src/stm32f3xx_it.o
LOAD ./Core/Src/syscalls.o
LOAD ./Core/Src/sysmem.o
LOAD ./Core/Src/system_stm32f3xx.o
LOAD ./Core/Startup/startup_stm32f302rbtx.o
LOAD ./Drivers/STM32F3xx_HAL_Driver/Src/stm32f3xx_hal.o
LOAD ./Drivers/STM32F3xx_HAL_Driver/Src/stm32f3xx_hal_cortex.o
LOAD ./Drivers/STM32F3xx_HAL_Driver/Src/stm32f3xx_hal_dma.o
LOAD ./Drivers/STM32F3xx_HAL_Driver/Src/stm32f3xx_hal_exti.o
LOAD ./Drivers/STM32F3xx_HAL_Driver/Src/stm32f3xx_hal_flash.o
LOAD ./Drivers/STM32F3xx_HAL_Driver/Src/stm32f3xx_hal_flash_ex.o
LOAD ./Drivers/STM32F3xx_HAL_Driver/Src/stm32f3xx_hal_gpio.o
LOAD ./Drivers/STM32F3xx_HAL_Driver/Src/stm32f3xx_hal_i2c.o
LOAD ./Drivers/STM32F3xx_HAL_Driver/Src/stm32f3xx_hal_i2c_ex.o
LOAD ./Drivers/STM32F3xx_HAL_Driver/Src/stm32f3xx_hal_pwr.o
LOAD ./Drivers/STM32F3xx_HAL_Driver/Src/stm32f3xx_hal_pwr_ex.o
LOAD ./Drivers/STM32F3xx_HAL_Driver/Src/stm32f3xx_hal_rcc.o
LOAD ./Drivers/STM32F3xx_HAL_Driver/Src/stm32f3xx_hal_rcc_ex.o
LOAD ./Drivers/STM32F3xx_HAL_Driver/Src/stm32f3xx_hal_spi.o
LOAD ./Drivers/STM32F3xx_HAL_Driver/Src/stm32f3xx_hal_spi_ex.o
LOAD ./Drivers/STM32F3xx_HAL_Driver/Src/stm32f3xx_hal_tim.o
LOAD ./Drivers/STM32F3xx_HAL_Driver/Src/stm32f3xx_hal_tim_ex.o
LOAD ./Drivers/STM32F3xx_HAL_Driver/Src/stm32f3xx_hal_uart.o
LOAD ./Drivers/STM32F3xx_HAL_Driver/Src/stm32f3xx_hal_uart_ex.o
LOAD ./Libraries/lib_Flash.o
START GROUP
LOAD C:/ST/STM32CubeIDE_1.19.0/STM32CubeIDE/plugins/com.st.stm32cube.ide.mcu.externaltools.gnu-tools-for-stm32.13.3.rel1.win32_1.0.0.202411081344/tools/bin/../lib/gcc/arm-none-eabi/13.3.1/../../../../arm-none-eabi/lib/thumb/v7e-m+fp/hard\libc_nano.a
LOAD C:/ST/STM32CubeIDE_1.19.0/STM32CubeIDE/plugins/com.st.stm32cube.ide.mcu.externaltools.gnu-tools-for-stm32.13.3.rel1.win32_1.0.0.202411081344/tools/bin/../lib/gcc/arm-none-eabi/13.3.1/../../../../arm-none-eabi/lib/thumb/v7e-m+fp/hard\libm.a
END GROUP
START GROUP
LOAD C:/ST/STM32CubeIDE_1.19.0/STM32CubeIDE/plugins/com.st.stm32cube.ide.mcu.externaltools.gnu-tools-for-stm32.13.3.rel1.win32_1.0.0.202411081344/tools/bin/../lib/gcc/arm-none-eabi/13.3.1/thumb/v7e-m+fp/hard\libgcc.a
LOAD C:/ST/STM32CubeIDE_1.19.0/STM32CubeIDE/plugins/com.st.stm32cube.ide.mcu.externaltools.gnu-tools-for-stm32.13.3.rel1.win32_1.0.0.202411081344/tools/bin/../lib/gcc/arm-none-eabi/13.3.1/../../../../arm-none-eabi/lib/thumb/v7e-m+fp/hard\libc_nano.a
END GROUP
START GROUP
LOAD C:/ST/STM32CubeIDE_1.19.0/STM32CubeIDE/plugins/com.st.stm32cube.ide.mcu.externaltools.gnu-tools-for-stm32.13.3.rel1.win32_1.0.0.202411081344/tools/bin/../lib/gcc/arm-none-eabi/13.3.1/thumb/v7e-m+fp/hard\libgcc.a
LOAD C:/ST/STM32CubeIDE_1.19.0/STM32CubeIDE/plugins/com.st.stm32cube.ide.mcu.externaltools.gnu-tools-for-stm32.13.3.rel1.win32_1.0.0.202411081344/tools/bin/../lib/gcc/arm-none-eabi/13.3.1/../../../../arm-none-eabi/lib/thumb/v7e-m+fp/hard\libc_nano.a
LOAD C:/ST/STM32CubeIDE_1.19.0/STM32CubeIDE/plugins/com.st.stm32cube.ide.mcu.externaltools.gnu-tools-for-stm32.13.3.rel1.win32_1.0.0.202411081344/tools/bin/../lib/gcc/arm-none-eabi/13.3.1/../../../../arm-none-eabi/lib/thumb/v7e-m+fp/hard\libnosys.a
END GROUP
START GROUP
LOAD C:/ST/STM32CubeIDE_1.19.0/STM32CubeIDE/plugins/com.st.stm32cube.ide.mcu.externaltools.gnu-tools-for-stm32.13.3.rel1.win32_1.0.0.202411081344/tools/bin/../lib/gcc/arm-none-eabi/13.3.1/thumb/v7e-m+fp/hard\libgcc.a
LOAD C:/ST/STM32CubeIDE_1.19.0/STM32CubeIDE/plugins/com.st.stm32cube.ide.mcu.externaltools.gnu-tools-for-stm32.13.3.rel1.win32_1.0.0.202411081344/tools/bin/../lib/gcc/arm-none-eabi/13.3.1/../../../../arm-none-eabi/lib/thumb/v7e-m+fp/hard\libc_nano.a
LOAD C:/ST/STM32CubeIDE_1.19.0/STM32CubeIDE/plugins/com.st.stm32cube.ide.mcu.externaltools.gnu-tools-for-stm32.13.3.rel1.win32_1.0.0.202411081344/tools/bin/../lib/gcc/arm-none-eabi/13.3.1/../../../../arm-none-eabi/lib/thumb/v7e-m+fp/hard\libnosys.a
END GROUP
LOAD C:/ST/STM32CubeIDE_1.19.0/STM32CubeIDE/plugins/com.st.stm32cube.ide.mcu.externaltools.gnu-tools-for-stm32.13.3.rel1.win32_1.0.0.202411081344/tools/bin/../lib/gcc/arm-none-eabi/13.3.1/thumb/v7e-m+fp/hard/crtend.o
LOAD C:/ST/STM32CubeIDE_1.19.0/STM32CubeIDE/plugins/com.st.stm32cube.ide.mcu.externaltools.gnu-tools-for-stm32.13.3.rel1.win32_1.0.0.202411081344/tools/bin/../lib/gcc/arm-none-eabi/13.3.1/thumb/v7e-m+fp/hard/crtn.o
                0x20008000                        _estack = (ORIGIN (RAM) + LENGTH (RAM))
                0x00000200                        _Min_Heap_Size = 0x200
                0x00000400                        _Min_Stack_Size = 0x400

.isr_vector     0x08000000      0x188
                0x08000000                        . = ALIGN (0x4)
 *(.isr_vector)
 .isr_vector    0x08000000      0x188 ./Core/Startup/startup_stm32f302rbtx.o
                0x08000000                g_pfnVectors
                0x08000188                        . = ALIGN (0x4)

.text           0x08000188     0x40f8
                0x08000188                        . = ALIGN (0x4)
 *(.text)
 .text          0x08000188       0x40 C:/ST/STM32CubeIDE_1.19.0/STM32CubeIDE/plugins/com.st.stm32cube.ide.mcu.externaltools.gnu-tools-for-stm32.13.3.rel1.win32_1.0.0.202411081344/tools/bin/../lib/gcc/arm-none-eabi/13.3.1/thumb/v7e-m+fp/hard/crtbegin.o
 *(.text*)
 .text.HAL_TIM_PeriodElapsedCallback
                0x080001c8       0x28 ./Application/app_Sequence.o
                0x080001c8                HAL_TIM_PeriodElapsedCallback
 .text.app_Sequence_Main
                0x080001f0       0x30 ./Application/app_Sequence.o
                0x080001f0                app_Sequence_Main
 .text.app_SequenceCommandExec
                0x08000220      0x25c ./Application/app_Sequence.o
                0x08000220                app_SequenceCommandExec
 .text.app_WS2811_Init
                0x0800047c       0x28 ./Application/app_WS2811.o
                0x0800047c                app_WS2811_Init
 .text.app_WS2811_ConvertDMXData
                0x080004a4       0x78 ./Application/app_WS2811.o
                0x080004a4                app_WS2811_ConvertDMXData
 .text.main     0x0800051c       0x50 ./Core/Src/main.o
                0x0800051c                main
 .text.SystemClock_Config
                0x0800056c       0xb4 ./Core/Src/main.o
                0x0800056c                SystemClock_Config
 .text.MX_SPI1_Init
                0x08000620       0x7c ./Core/Src/main.o
 .text.MX_TIM6_Init
                0x0800069c       0x6c ./Core/Src/main.o
 .text.MX_USART1_UART_Init
                0x08000708       0x60 ./Core/Src/main.o
 .text.MX_DMA_Init
                0x08000768       0x3c ./Core/Src/main.o
 .text.MX_GPIO_Init
                0x080007a4       0xd0 ./Core/Src/main.o
 .text.Error_Handler
                0x08000874        0xc ./Core/Src/main.o
                0x08000874                Error_Handler
 .text.HAL_MspInit
                0x08000880       0x48 ./Core/Src/stm32f3xx_hal_msp.o
                0x08000880                HAL_MspInit
 .text.HAL_SPI_MspInit
                0x080008c8       0xd8 ./Core/Src/stm32f3xx_hal_msp.o
                0x080008c8                HAL_SPI_MspInit
 .text.HAL_TIM_Base_MspInit
                0x080009a0       0x4c ./Core/Src/stm32f3xx_hal_msp.o
                0x080009a0                HAL_TIM_Base_MspInit
 .text.HAL_UART_MspInit
                0x080009ec       0x88 ./Core/Src/stm32f3xx_hal_msp.o
                0x080009ec                HAL_UART_MspInit
 .text.NMI_Handler
                0x08000a74        0x8 ./Core/Src/stm32f3xx_it.o
                0x08000a74                NMI_Handler
 .text.HardFault_Handler
                0x08000a7c        0x8 ./Core/Src/stm32f3xx_it.o
                0x08000a7c                HardFault_Handler
 .text.MemManage_Handler
                0x08000a84        0x8 ./Core/Src/stm32f3xx_it.o
                0x08000a84                MemManage_Handler
 .text.BusFault_Handler
                0x08000a8c        0x8 ./Core/Src/stm32f3xx_it.o
                0x08000a8c                BusFault_Handler
 .text.UsageFault_Handler
                0x08000a94        0x8 ./Core/Src/stm32f3xx_it.o
                0x08000a94                UsageFault_Handler
 .text.SVC_Handler
                0x08000a9c        0xe ./Core/Src/stm32f3xx_it.o
                0x08000a9c                SVC_Handler
 .text.DebugMon_Handler
                0x08000aaa        0xe ./Core/Src/stm32f3xx_it.o
                0x08000aaa                DebugMon_Handler
 .text.PendSV_Handler
                0x08000ab8        0xe ./Core/Src/stm32f3xx_it.o
                0x08000ab8                PendSV_Handler
 .text.SysTick_Handler
                0x08000ac6        0xc ./Core/Src/stm32f3xx_it.o
                0x08000ac6                SysTick_Handler
 *fill*         0x08000ad2        0x2 
 .text.DMA1_Channel3_IRQHandler
                0x08000ad4       0x14 ./Core/Src/stm32f3xx_it.o
                0x08000ad4                DMA1_Channel3_IRQHandler
 .text.TIM6_DAC_IRQHandler
                0x08000ae8       0x14 ./Core/Src/stm32f3xx_it.o
                0x08000ae8                TIM6_DAC_IRQHandler
 .text.SystemInit
                0x08000afc       0x24 ./Core/Src/system_stm32f3xx.o
                0x08000afc                SystemInit
 .text.Reset_Handler
                0x08000b20       0x50 ./Core/Startup/startup_stm32f302rbtx.o
                0x08000b20                Reset_Handler
 .text.Default_Handler
                0x08000b70        0x2 ./Core/Startup/startup_stm32f302rbtx.o
                0x08000b70                RTC_Alarm_IRQHandler
                0x08000b70                TIM1_CC_IRQHandler
                0x08000b70                USB_HP_IRQHandler
                0x08000b70                PVD_IRQHandler
                0x08000b70                TAMP_STAMP_IRQHandler
                0x08000b70                EXTI3_IRQHandler
                0x08000b70                USB_HP_CAN_TX_IRQHandler
                0x08000b70                EXTI0_IRQHandler
                0x08000b70                I2C2_EV_IRQHandler
                0x08000b70                FPU_IRQHandler
                0x08000b70                TIM1_UP_TIM16_IRQHandler
                0x08000b70                ADC1_2_IRQHandler
                0x08000b70                SPI1_IRQHandler
                0x08000b70                CAN_SCE_IRQHandler
                0x08000b70                DMA2_Channel2_IRQHandler
                0x08000b70                DMA1_Channel4_IRQHandler
                0x08000b70                USART3_IRQHandler
                0x08000b70                DMA1_Channel7_IRQHandler
                0x08000b70                UART5_IRQHandler
                0x08000b70                TIM4_IRQHandler
                0x08000b70                CAN_RX1_IRQHandler
                0x08000b70                DMA2_Channel1_IRQHandler
                0x08000b70                I2C1_EV_IRQHandler
                0x08000b70                DMA1_Channel6_IRQHandler
                0x08000b70                UART4_IRQHandler
                0x08000b70                DMA2_Channel4_IRQHandler
                0x08000b70                TIM3_IRQHandler
                0x08000b70                RCC_IRQHandler
                0x08000b70                DMA1_Channel1_IRQHandler
                0x08000b70                Default_Handler
                0x08000b70                USBWakeUp_RMP_IRQHandler
                0x08000b70                EXTI15_10_IRQHandler
                0x08000b70                EXTI9_5_IRQHandler
                0x08000b70                RTC_WKUP_IRQHandler
                0x08000b70                SPI2_IRQHandler
                0x08000b70                USB_LP_CAN_RX0_IRQHandler
                0x08000b70                DMA2_Channel5_IRQHandler
                0x08000b70                DMA1_Channel5_IRQHandler
                0x08000b70                USB_LP_IRQHandler
                0x08000b70                EXTI4_IRQHandler
                0x08000b70                COMP1_2_IRQHandler
                0x08000b70                TIM1_TRG_COM_TIM17_IRQHandler
                0x08000b70                WWDG_IRQHandler
                0x08000b70                TIM2_IRQHandler
                0x08000b70                EXTI1_IRQHandler
                0x08000b70                COMP4_6_IRQHandler
                0x08000b70                USART2_IRQHandler
                0x08000b70                I2C2_ER_IRQHandler
                0x08000b70                DMA1_Channel2_IRQHandler
                0x08000b70                FLASH_IRQHandler
                0x08000b70                USART1_IRQHandler
                0x08000b70                SPI3_IRQHandler
                0x08000b70                I2C1_ER_IRQHandler
                0x08000b70                USBWakeUp_IRQHandler
                0x08000b70                DMA2_Channel3_IRQHandler
                0x08000b70                EXTI2_TSC_IRQHandler
                0x08000b70                TIM1_BRK_TIM15_IRQHandler
 *fill*         0x08000b72        0x2 
 .text.HAL_Init
                0x08000b74       0x2c ./Drivers/STM32F3xx_HAL_Driver/Src/stm32f3xx_hal.o
                0x08000b74                HAL_Init
 .text.HAL_InitTick
                0x08000ba0       0x60 ./Drivers/STM32F3xx_HAL_Driver/Src/stm32f3xx_hal.o
                0x08000ba0                HAL_InitTick
 .text.HAL_IncTick
                0x08000c00       0x28 ./Drivers/STM32F3xx_HAL_Driver/Src/stm32f3xx_hal.o
                0x08000c00                HAL_IncTick
 .text.HAL_GetTick
                0x08000c28       0x18 ./Drivers/STM32F3xx_HAL_Driver/Src/stm32f3xx_hal.o
                0x08000c28                HAL_GetTick
 .text.__NVIC_SetPriorityGrouping
                0x08000c40       0x48 ./Drivers/STM32F3xx_HAL_Driver/Src/stm32f3xx_hal_cortex.o
 .text.__NVIC_GetPriorityGrouping
                0x08000c88       0x1c ./Drivers/STM32F3xx_HAL_Driver/Src/stm32f3xx_hal_cortex.o
 .text.__NVIC_EnableIRQ
                0x08000ca4       0x3c ./Drivers/STM32F3xx_HAL_Driver/Src/stm32f3xx_hal_cortex.o
 .text.__NVIC_SetPriority
                0x08000ce0       0x54 ./Drivers/STM32F3xx_HAL_Driver/Src/stm32f3xx_hal_cortex.o
 .text.NVIC_EncodePriority
                0x08000d34       0x66 ./Drivers/STM32F3xx_HAL_Driver/Src/stm32f3xx_hal_cortex.o
 *fill*         0x08000d9a        0x2 
 .text.SysTick_Config
                0x08000d9c       0x44 ./Drivers/STM32F3xx_HAL_Driver/Src/stm32f3xx_hal_cortex.o
 .text.HAL_NVIC_SetPriorityGrouping
                0x08000de0       0x16 ./Drivers/STM32F3xx_HAL_Driver/Src/stm32f3xx_hal_cortex.o
                0x08000de0                HAL_NVIC_SetPriorityGrouping
 .text.HAL_NVIC_SetPriority
                0x08000df6       0x38 ./Drivers/STM32F3xx_HAL_Driver/Src/stm32f3xx_hal_cortex.o
                0x08000df6                HAL_NVIC_SetPriority
 .text.HAL_NVIC_EnableIRQ
                0x08000e2e       0x1c ./Drivers/STM32F3xx_HAL_Driver/Src/stm32f3xx_hal_cortex.o
                0x08000e2e                HAL_NVIC_EnableIRQ
 .text.HAL_SYSTICK_Config
                0x08000e4a       0x18 ./Drivers/STM32F3xx_HAL_Driver/Src/stm32f3xx_hal_cortex.o
                0x08000e4a                HAL_SYSTICK_Config
 .text.HAL_DMA_Init
                0x08000e62       0x8e ./Drivers/STM32F3xx_HAL_Driver/Src/stm32f3xx_hal_dma.o
                0x08000e62                HAL_DMA_Init
 .text.HAL_DMA_Start_IT
                0x08000ef0       0xbe ./Drivers/STM32F3xx_HAL_Driver/Src/stm32f3xx_hal_dma.o
                0x08000ef0                HAL_DMA_Start_IT
 .text.HAL_DMA_IRQHandler
                0x08000fae      0x146 ./Drivers/STM32F3xx_HAL_Driver/Src/stm32f3xx_hal_dma.o
                0x08000fae                HAL_DMA_IRQHandler
 .text.DMA_SetConfig
                0x080010f4       0x5c ./Drivers/STM32F3xx_HAL_Driver/Src/stm32f3xx_hal_dma.o
 .text.DMA_CalcBaseAndBitshift
                0x08001150       0x78 ./Drivers/STM32F3xx_HAL_Driver/Src/stm32f3xx_hal_dma.o
 .text.HAL_GPIO_Init
                0x080011c8      0x2f4 ./Drivers/STM32F3xx_HAL_Driver/Src/stm32f3xx_hal_gpio.o
                0x080011c8                HAL_GPIO_Init
 .text.HAL_GPIO_WritePin
                0x080014bc       0x30 ./Drivers/STM32F3xx_HAL_Driver/Src/stm32f3xx_hal_gpio.o
                0x080014bc                HAL_GPIO_WritePin
 .text.HAL_RCC_OscConfig
                0x080014ec     0x101c ./Drivers/STM32F3xx_HAL_Driver/Src/stm32f3xx_hal_rcc.o
                0x080014ec                HAL_RCC_OscConfig
 .text.HAL_RCC_ClockConfig
                0x08002508      0x2dc ./Drivers/STM32F3xx_HAL_Driver/Src/stm32f3xx_hal_rcc.o
                0x08002508                HAL_RCC_ClockConfig
 .text.HAL_RCC_GetSysClockFreq
                0x080027e4       0xa8 ./Drivers/STM32F3xx_HAL_Driver/Src/stm32f3xx_hal_rcc.o
                0x080027e4                HAL_RCC_GetSysClockFreq
 .text.HAL_RCC_GetHCLKFreq
                0x0800288c       0x18 ./Drivers/STM32F3xx_HAL_Driver/Src/stm32f3xx_hal_rcc.o
                0x0800288c                HAL_RCC_GetHCLKFreq
 .text.HAL_RCC_GetPCLK1Freq
                0x080028a4       0x44 ./Drivers/STM32F3xx_HAL_Driver/Src/stm32f3xx_hal_rcc.o
                0x080028a4                HAL_RCC_GetPCLK1Freq
 .text.HAL_RCC_GetPCLK2Freq
                0x080028e8       0x44 ./Drivers/STM32F3xx_HAL_Driver/Src/stm32f3xx_hal_rcc.o
                0x080028e8                HAL_RCC_GetPCLK2Freq
 .text.HAL_RCCEx_PeriphCLKConfig
                0x0800292c      0x320 ./Drivers/STM32F3xx_HAL_Driver/Src/stm32f3xx_hal_rcc_ex.o
                0x0800292c                HAL_RCCEx_PeriphCLKConfig
 .text.HAL_SPI_Init
                0x08002c4c      0x156 ./Drivers/STM32F3xx_HAL_Driver/Src/stm32f3xx_hal_spi.o
                0x08002c4c                HAL_SPI_Init
 *fill*         0x08002da2        0x2 
 .text.HAL_SPI_Transmit_DMA
                0x08002da4      0x1e0 ./Drivers/STM32F3xx_HAL_Driver/Src/stm32f3xx_hal_spi.o
                0x08002da4                HAL_SPI_Transmit_DMA
 .text.HAL_SPI_TxCpltCallback
                0x08002f84       0x14 ./Drivers/STM32F3xx_HAL_Driver/Src/stm32f3xx_hal_spi.o
                0x08002f84                HAL_SPI_TxCpltCallback
 .text.HAL_SPI_TxHalfCpltCallback
                0x08002f98       0x14 ./Drivers/STM32F3xx_HAL_Driver/Src/stm32f3xx_hal_spi.o
                0x08002f98                HAL_SPI_TxHalfCpltCallback
 .text.HAL_SPI_ErrorCallback
                0x08002fac       0x14 ./Drivers/STM32F3xx_HAL_Driver/Src/stm32f3xx_hal_spi.o
                0x08002fac                HAL_SPI_ErrorCallback
 .text.SPI_DMATransmitCplt
                0x08002fc0       0xa6 ./Drivers/STM32F3xx_HAL_Driver/Src/stm32f3xx_hal_spi.o
 .text.SPI_DMAHalfTransmitCplt
                0x08003066       0x1c ./Drivers/STM32F3xx_HAL_Driver/Src/stm32f3xx_hal_spi.o
 .text.SPI_DMAError
                0x08003082       0x40 ./Drivers/STM32F3xx_HAL_Driver/Src/stm32f3xx_hal_spi.o
 *fill*         0x080030c2        0x2 
 .text.SPI_WaitFlagStateUntilTimeout
                0x080030c4      0x110 ./Drivers/STM32F3xx_HAL_Driver/Src/stm32f3xx_hal_spi.o
 .text.SPI_WaitFifoStateUntilTimeout
                0x080031d4      0x12c ./Drivers/STM32F3xx_HAL_Driver/Src/stm32f3xx_hal_spi.o
 .text.SPI_EndRxTxTransaction
                0x08003300       0x8c ./Drivers/STM32F3xx_HAL_Driver/Src/stm32f3xx_hal_spi.o
 .text.HAL_TIM_Base_Init
                0x0800338c       0xae ./Drivers/STM32F3xx_HAL_Driver/Src/stm32f3xx_hal_tim.o
                0x0800338c                HAL_TIM_Base_Init
 *fill*         0x0800343a        0x2 
 .text.HAL_TIM_Base_Start_IT
                0x0800343c       0xc4 ./Drivers/STM32F3xx_HAL_Driver/Src/stm32f3xx_hal_tim.o
                0x0800343c                HAL_TIM_Base_Start_IT
 .text.HAL_TIM_IRQHandler
                0x08003500      0x204 ./Drivers/STM32F3xx_HAL_Driver/Src/stm32f3xx_hal_tim.o
                0x08003500                HAL_TIM_IRQHandler
 .text.HAL_TIM_OC_DelayElapsedCallback
                0x08003704       0x14 ./Drivers/STM32F3xx_HAL_Driver/Src/stm32f3xx_hal_tim.o
                0x08003704                HAL_TIM_OC_DelayElapsedCallback
 .text.HAL_TIM_IC_CaptureCallback
                0x08003718       0x14 ./Drivers/STM32F3xx_HAL_Driver/Src/stm32f3xx_hal_tim.o
                0x08003718                HAL_TIM_IC_CaptureCallback
 .text.HAL_TIM_PWM_PulseFinishedCallback
                0x0800372c       0x14 ./Drivers/STM32F3xx_HAL_Driver/Src/stm32f3xx_hal_tim.o
                0x0800372c                HAL_TIM_PWM_PulseFinishedCallback
 .text.HAL_TIM_TriggerCallback
                0x08003740       0x14 ./Drivers/STM32F3xx_HAL_Driver/Src/stm32f3xx_hal_tim.o
                0x08003740                HAL_TIM_TriggerCallback
 .text.TIM_Base_SetConfig
                0x08003754      0x11c ./Drivers/STM32F3xx_HAL_Driver/Src/stm32f3xx_hal_tim.o
                0x08003754                TIM_Base_SetConfig
 .text.HAL_TIMEx_MasterConfigSynchronization
                0x08003870       0xe8 ./Drivers/STM32F3xx_HAL_Driver/Src/stm32f3xx_hal_tim_ex.o
                0x08003870                HAL_TIMEx_MasterConfigSynchronization
 .text.HAL_TIMEx_CommutCallback
                0x08003958       0x14 ./Drivers/STM32F3xx_HAL_Driver/Src/stm32f3xx_hal_tim_ex.o
                0x08003958                HAL_TIMEx_CommutCallback
 .text.HAL_TIMEx_BreakCallback
                0x0800396c       0x14 ./Drivers/STM32F3xx_HAL_Driver/Src/stm32f3xx_hal_tim_ex.o
                0x0800396c                HAL_TIMEx_BreakCallback
 .text.HAL_TIMEx_Break2Callback
                0x08003980       0x14 ./Drivers/STM32F3xx_HAL_Driver/Src/stm32f3xx_hal_tim_ex.o
                0x08003980                HAL_TIMEx_Break2Callback
 .text.HAL_UART_Init
                0x08003994       0x9c ./Drivers/STM32F3xx_HAL_Driver/Src/stm32f3xx_hal_uart.o
                0x08003994                HAL_UART_Init
 .text.UART_SetConfig
                0x08003a30      0x3a8 ./Drivers/STM32F3xx_HAL_Driver/Src/stm32f3xx_hal_uart.o
                0x08003a30                UART_SetConfig
 .text.UART_AdvFeatureConfig
                0x08003dd8      0x144 ./Drivers/STM32F3xx_HAL_Driver/Src/stm32f3xx_hal_uart.o
                0x08003dd8                UART_AdvFeatureConfig
 .text.UART_CheckIdleState
                0x08003f1c      0x150 ./Drivers/STM32F3xx_HAL_Driver/Src/stm32f3xx_hal_uart.o
                0x08003f1c                UART_CheckIdleState
 .text.UART_WaitOnFlagUntilTimeout
                0x0800406c       0xda ./Drivers/STM32F3xx_HAL_Driver/Src/stm32f3xx_hal_uart.o
                0x0800406c                UART_WaitOnFlagUntilTimeout
 .text.UART_EndRxTransfer
                0x08004146       0xc8 ./Drivers/STM32F3xx_HAL_Driver/Src/stm32f3xx_hal_uart.o
 .text.memset   0x0800420e       0x10 C:/ST/STM32CubeIDE_1.19.0/STM32CubeIDE/plugins/com.st.stm32cube.ide.mcu.externaltools.gnu-tools-for-stm32.13.3.rel1.win32_1.0.0.202411081344/tools/bin/../lib/gcc/arm-none-eabi/13.3.1/../../../../arm-none-eabi/lib/thumb/v7e-m+fp/hard\libc_nano.a(libc_a-memset.o)
                0x0800420e                memset
 *fill*         0x0800421e        0x2 
 .text.__libc_init_array
                0x08004220       0x48 C:/ST/STM32CubeIDE_1.19.0/STM32CubeIDE/plugins/com.st.stm32cube.ide.mcu.externaltools.gnu-tools-for-stm32.13.3.rel1.win32_1.0.0.202411081344/tools/bin/../lib/gcc/arm-none-eabi/13.3.1/../../../../arm-none-eabi/lib/thumb/v7e-m+fp/hard\libc_nano.a(libc_a-init.o)
                0x08004220                __libc_init_array
 *(.glue_7)
 .glue_7        0x08004268        0x0 linker stubs
 *(.glue_7t)
 .glue_7t       0x08004268        0x0 linker stubs
 *(.eh_frame)
 .eh_frame      0x08004268        0x0 C:/ST/STM32CubeIDE_1.19.0/STM32CubeIDE/plugins/com.st.stm32cube.ide.mcu.externaltools.gnu-tools-for-stm32.13.3.rel1.win32_1.0.0.202411081344/tools/bin/../lib/gcc/arm-none-eabi/13.3.1/thumb/v7e-m+fp/hard/crtbegin.o
 *(.init)
 .init          0x08004268        0x4 C:/ST/STM32CubeIDE_1.19.0/STM32CubeIDE/plugins/com.st.stm32cube.ide.mcu.externaltools.gnu-tools-for-stm32.13.3.rel1.win32_1.0.0.202411081344/tools/bin/../lib/gcc/arm-none-eabi/13.3.1/thumb/v7e-m+fp/hard/crti.o
                0x08004268                _init
 .init          0x0800426c        0x8 C:/ST/STM32CubeIDE_1.19.0/STM32CubeIDE/plugins/com.st.stm32cube.ide.mcu.externaltools.gnu-tools-for-stm32.13.3.rel1.win32_1.0.0.202411081344/tools/bin/../lib/gcc/arm-none-eabi/13.3.1/thumb/v7e-m+fp/hard/crtn.o
 *(.fini)
 .fini          0x08004274        0x4 C:/ST/STM32CubeIDE_1.19.0/STM32CubeIDE/plugins/com.st.stm32cube.ide.mcu.externaltools.gnu-tools-for-stm32.13.3.rel1.win32_1.0.0.202411081344/tools/bin/../lib/gcc/arm-none-eabi/13.3.1/thumb/v7e-m+fp/hard/crti.o
                0x08004274                _fini
 .fini          0x08004278        0x8 C:/ST/STM32CubeIDE_1.19.0/STM32CubeIDE/plugins/com.st.stm32cube.ide.mcu.externaltools.gnu-tools-for-stm32.13.3.rel1.win32_1.0.0.202411081344/tools/bin/../lib/gcc/arm-none-eabi/13.3.1/thumb/v7e-m+fp/hard/crtn.o
                0x08004280                        . = ALIGN (0x4)
                0x08004280                        _etext = .

.vfp11_veneer   0x08004280        0x0
 .vfp11_veneer  0x08004280        0x0 linker stubs

.v4_bx          0x08004280        0x0
 .v4_bx         0x08004280        0x0 linker stubs

.iplt           0x08004280        0x0
 .iplt          0x08004280        0x0 C:/ST/STM32CubeIDE_1.19.0/STM32CubeIDE/plugins/com.st.stm32cube.ide.mcu.externaltools.gnu-tools-for-stm32.13.3.rel1.win32_1.0.0.202411081344/tools/bin/../lib/gcc/arm-none-eabi/13.3.1/thumb/v7e-m+fp/hard/crtbegin.o

.rodata         0x08004280       0x38
                0x08004280                        . = ALIGN (0x4)
 *(.rodata)
 *(.rodata*)
 .rodata.AHBPrescTable
                0x08004280       0x10 ./Core/Src/system_stm32f3xx.o
                0x08004280                AHBPrescTable
 .rodata.APBPrescTable
                0x08004290        0x8 ./Core/Src/system_stm32f3xx.o
                0x08004290                APBPrescTable
 .rodata.aPLLMULFactorTable
                0x08004298       0x10 ./Drivers/STM32F3xx_HAL_Driver/Src/stm32f3xx_hal_rcc.o
 .rodata.aPredivFactorTable
                0x080042a8       0x10 ./Drivers/STM32F3xx_HAL_Driver/Src/stm32f3xx_hal_rcc.o
                0x080042b8                        . = ALIGN (0x4)

.ARM.extab      0x080042b8        0x0
                0x080042b8                        . = ALIGN (0x4)
 *(.ARM.extab* .gnu.linkonce.armextab.*)
                0x080042b8                        . = ALIGN (0x4)

.ARM            0x080042b8        0x0
                0x080042b8                        . = ALIGN (0x4)
                0x080042b8                        __exidx_start = .
 *(.ARM.exidx*)
                0x080042b8                        __exidx_end = .
                0x080042b8                        . = ALIGN (0x4)

.preinit_array  0x080042b8        0x0
                0x080042b8                        . = ALIGN (0x4)
                0x080042b8                        PROVIDE (__preinit_array_start = .)
 *(.preinit_array*)
                0x080042b8                        PROVIDE (__preinit_array_end = .)
                0x080042b8                        . = ALIGN (0x4)

.init_array     0x080042b8        0x4
                0x080042b8                        . = ALIGN (0x4)
                0x080042b8                        PROVIDE (__init_array_start = .)
 *(SORT_BY_NAME(.init_array.*))
 *(.init_array*)
 .init_array    0x080042b8        0x4 C:/ST/STM32CubeIDE_1.19.0/STM32CubeIDE/plugins/com.st.stm32cube.ide.mcu.externaltools.gnu-tools-for-stm32.13.3.rel1.win32_1.0.0.202411081344/tools/bin/../lib/gcc/arm-none-eabi/13.3.1/thumb/v7e-m+fp/hard/crtbegin.o
                0x080042bc                        PROVIDE (__init_array_end = .)
                0x080042bc                        . = ALIGN (0x4)

.fini_array     0x080042bc        0x4
                0x080042bc                        . = ALIGN (0x4)
                [!provide]                        PROVIDE (__fini_array_start = .)
 *(SORT_BY_NAME(.fini_array.*))
 *(.fini_array*)
 .fini_array    0x080042bc        0x4 C:/ST/STM32CubeIDE_1.19.0/STM32CubeIDE/plugins/com.st.stm32cube.ide.mcu.externaltools.gnu-tools-for-stm32.13.3.rel1.win32_1.0.0.202411081344/tools/bin/../lib/gcc/arm-none-eabi/13.3.1/thumb/v7e-m+fp/hard/crtbegin.o
                [!provide]                        PROVIDE (__fini_array_end = .)
                0x080042c0                        . = ALIGN (0x4)
                0x080042c0                        _sidata = LOADADDR (.data)

.rel.dyn        0x080042c0        0x0
 .rel.iplt      0x080042c0        0x0 C:/ST/STM32CubeIDE_1.19.0/STM32CubeIDE/plugins/com.st.stm32cube.ide.mcu.externaltools.gnu-tools-for-stm32.13.3.rel1.win32_1.0.0.202411081344/tools/bin/../lib/gcc/arm-none-eabi/13.3.1/thumb/v7e-m+fp/hard/crtbegin.o

.data           0x20000000      0x484 load address 0x080042c0
                0x20000000                        . = ALIGN (0x4)
                0x20000000                        _sdata = .
 *(.data)
 *(.data*)
 .data.ColorSequence
                0x20000000      0x478 ./Application/app_Sequence.o
                0x20000000                ColorSequence
 .data.SystemCoreClock
                0x20000478        0x4 ./Core/Src/system_stm32f3xx.o
                0x20000478                SystemCoreClock
 .data.uwTickPrio
                0x2000047c        0x4 ./Drivers/STM32F3xx_HAL_Driver/Src/stm32f3xx_hal.o
                0x2000047c                uwTickPrio
 .data.uwTickFreq
                0x20000480        0x1 ./Drivers/STM32F3xx_HAL_Driver/Src/stm32f3xx_hal.o
                0x20000480                uwTickFreq
 *(.RamFunc)
 *(.RamFunc*)
                0x20000484                        . = ALIGN (0x4)
 *fill*         0x20000481        0x3 
                0x20000484                        _edata = .

.igot.plt       0x20000484        0x0 load address 0x08004744
 .igot.plt      0x20000484        0x0 C:/ST/STM32CubeIDE_1.19.0/STM32CubeIDE/plugins/com.st.stm32cube.ide.mcu.externaltools.gnu-tools-for-stm32.13.3.rel1.win32_1.0.0.202411081344/tools/bin/../lib/gcc/arm-none-eabi/13.3.1/thumb/v7e-m+fp/hard/crtbegin.o
                0x20000484                        . = ALIGN (0x4)

.bss            0x20000484      0x3e8 load address 0x08004744
                0x20000484                        _sbss = .
                0x20000484                        __bss_start__ = _sbss
 *(.bss)
 .bss           0x20000484       0x1c C:/ST/STM32CubeIDE_1.19.0/STM32CubeIDE/plugins/com.st.stm32cube.ide.mcu.externaltools.gnu-tools-for-stm32.13.3.rel1.win32_1.0.0.202411081344/tools/bin/../lib/gcc/arm-none-eabi/13.3.1/thumb/v7e-m+fp/hard/crtbegin.o
 *(.bss*)
 .bss.DMX_Channels
                0x200004a0       0x2d ./Application/app_DMXCore.o
                0x200004a0                DMX_Channels
 .bss.rb_EnableSequenceFlag
                0x200004cd        0x1 ./Application/app_Sequence.o
                0x200004cd                rb_EnableSequenceFlag
 .bss.rb_SequenceTick
                0x200004ce        0x1 ./Application/app_Sequence.o
                0x200004ce                rb_SequenceTick
 *fill*         0x200004cf        0x1 
 .bss.lul_SeqStep.4
                0x200004d0        0x4 ./Application/app_Sequence.o
 .bss.lub_CHIndex.3
                0x200004d4        0x1 ./Application/app_Sequence.o
 *fill*         0x200004d5        0x3 
 .bss.lul_TimeCounter.2
                0x200004d8        0x4 ./Application/app_Sequence.o
 .bss.lul_LoopCounter.1
                0x200004dc        0x4 ./Application/app_Sequence.o
 .bss.lul_FirstLoopStep.0
                0x200004e0        0x4 ./Application/app_Sequence.o
 .bss.WS2811_Data
                0x200004e4      0x208 ./Application/app_WS2811.o
                0x200004e4                WS2811_Data
 .bss.hspi1     0x200006ec       0x64 ./Core/Src/main.o
                0x200006ec                hspi1
 .bss.hdma_spi1_tx
                0x20000750       0x44 ./Core/Src/main.o
                0x20000750                hdma_spi1_tx
 .bss.htim6     0x20000794       0x4c ./Core/Src/main.o
                0x20000794                htim6
 .bss.huart1    0x200007e0       0x88 ./Core/Src/main.o
                0x200007e0                huart1
 .bss.uwTick    0x20000868        0x4 ./Drivers/STM32F3xx_HAL_Driver/Src/stm32f3xx_hal.o
                0x20000868                uwTick
 *(COMMON)
                0x2000086c                        . = ALIGN (0x4)
                0x2000086c                        _ebss = .
                0x2000086c                        __bss_end__ = _ebss

._user_heap_stack
                0x2000086c      0x604 load address 0x08004744
                0x20000870                        . = ALIGN (0x8)
 *fill*         0x2000086c        0x4 
                [!provide]                        PROVIDE (end = .)
                0x20000870                        PROVIDE (_end = .)
                0x20000a70                        . = (. + _Min_Heap_Size)
 *fill*         0x20000870      0x200 
                0x20000e70                        . = (. + _Min_Stack_Size)
 *fill*         0x20000a70      0x400 
                0x20000e70                        . = ALIGN (0x8)

/DISCARD/
 libc.a(*)
 libm.a(*)
 libgcc.a(*)

.ARM.attributes
                0x00000000       0x30
 *(.ARM.attributes)
 .ARM.attributes
                0x00000000       0x22 C:/ST/STM32CubeIDE_1.19.0/STM32CubeIDE/plugins/com.st.stm32cube.ide.mcu.externaltools.gnu-tools-for-stm32.13.3.rel1.win32_1.0.0.202411081344/tools/bin/../lib/gcc/arm-none-eabi/13.3.1/thumb/v7e-m+fp/hard/crti.o
 .ARM.attributes
                0x00000022       0x34 C:/ST/STM32CubeIDE_1.19.0/STM32CubeIDE/plugins/com.st.stm32cube.ide.mcu.externaltools.gnu-tools-for-stm32.13.3.rel1.win32_1.0.0.202411081344/tools/bin/../lib/gcc/arm-none-eabi/13.3.1/thumb/v7e-m+fp/hard/crtbegin.o
 .ARM.attributes
                0x00000056       0x34 ./Application/app_DMXCore.o
 .ARM.attributes
                0x0000008a       0x34 ./Application/app_Sequence.o
 .ARM.attributes
                0x000000be       0x34 ./Application/app_WS2811.o
 .ARM.attributes
                0x000000f2       0x34 ./Core/Src/main.o
 .ARM.attributes
                0x00000126       0x34 ./Core/Src/stm32f3xx_hal_msp.o
 .ARM.attributes
                0x0000015a       0x34 ./Core/Src/stm32f3xx_it.o
 .ARM.attributes
                0x0000018e       0x34 ./Core/Src/system_stm32f3xx.o
 .ARM.attributes
                0x000001c2       0x21 ./Core/Startup/startup_stm32f302rbtx.o
 .ARM.attributes
                0x000001e3       0x34 ./Drivers/STM32F3xx_HAL_Driver/Src/stm32f3xx_hal.o
 .ARM.attributes
                0x00000217       0x34 ./Drivers/STM32F3xx_HAL_Driver/Src/stm32f3xx_hal_cortex.o
 .ARM.attributes
                0x0000024b       0x34 ./Drivers/STM32F3xx_HAL_Driver/Src/stm32f3xx_hal_dma.o
 .ARM.attributes
                0x0000027f       0x34 ./Drivers/STM32F3xx_HAL_Driver/Src/stm32f3xx_hal_gpio.o
 .ARM.attributes
                0x000002b3       0x34 ./Drivers/STM32F3xx_HAL_Driver/Src/stm32f3xx_hal_rcc.o
 .ARM.attributes
                0x000002e7       0x34 ./Drivers/STM32F3xx_HAL_Driver/Src/stm32f3xx_hal_rcc_ex.o
 .ARM.attributes
                0x0000031b       0x34 ./Drivers/STM32F3xx_HAL_Driver/Src/stm32f3xx_hal_spi.o
 .ARM.attributes
                0x0000034f       0x34 ./Drivers/STM32F3xx_HAL_Driver/Src/stm32f3xx_hal_tim.o
 .ARM.attributes
                0x00000383       0x34 ./Drivers/STM32F3xx_HAL_Driver/Src/stm32f3xx_hal_tim_ex.o
 .ARM.attributes
                0x000003b7       0x34 ./Drivers/STM32F3xx_HAL_Driver/Src/stm32f3xx_hal_uart.o
 .ARM.attributes
                0x000003eb       0x34 C:/ST/STM32CubeIDE_1.19.0/STM32CubeIDE/plugins/com.st.stm32cube.ide.mcu.externaltools.gnu-tools-for-stm32.13.3.rel1.win32_1.0.0.202411081344/tools/bin/../lib/gcc/arm-none-eabi/13.3.1/../../../../arm-none-eabi/lib/thumb/v7e-m+fp/hard\libc_nano.a(libc_a-memset.o)
 .ARM.attributes
                0x0000041f       0x34 C:/ST/STM32CubeIDE_1.19.0/STM32CubeIDE/plugins/com.st.stm32cube.ide.mcu.externaltools.gnu-tools-for-stm32.13.3.rel1.win32_1.0.0.202411081344/tools/bin/../lib/gcc/arm-none-eabi/13.3.1/../../../../arm-none-eabi/lib/thumb/v7e-m+fp/hard\libc_nano.a(libc_a-init.o)
 .ARM.attributes
                0x00000453       0x22 C:/ST/STM32CubeIDE_1.19.0/STM32CubeIDE/plugins/com.st.stm32cube.ide.mcu.externaltools.gnu-tools-for-stm32.13.3.rel1.win32_1.0.0.202411081344/tools/bin/../lib/gcc/arm-none-eabi/13.3.1/thumb/v7e-m+fp/hard/crtn.o
OUTPUT(DMX_45CH.elf elf32-littlearm)
LOAD linker stubs
LOAD C:/ST/STM32CubeIDE_1.19.0/STM32CubeIDE/plugins/com.st.stm32cube.ide.mcu.externaltools.gnu-tools-for-stm32.13.3.rel1.win32_1.0.0.202411081344/tools/bin/../lib/gcc/arm-none-eabi/13.3.1/../../../../arm-none-eabi/lib/thumb/v7e-m+fp/hard\libc.a
LOAD C:/ST/STM32CubeIDE_1.19.0/STM32CubeIDE/plugins/com.st.stm32cube.ide.mcu.externaltools.gnu-tools-for-stm32.13.3.rel1.win32_1.0.0.202411081344/tools/bin/../lib/gcc/arm-none-eabi/13.3.1/../../../../arm-none-eabi/lib/thumb/v7e-m+fp/hard\libm.a
LOAD C:/ST/STM32CubeIDE_1.19.0/STM32CubeIDE/plugins/com.st.stm32cube.ide.mcu.externaltools.gnu-tools-for-stm32.13.3.rel1.win32_1.0.0.202411081344/tools/bin/../lib/gcc/arm-none-eabi/13.3.1/thumb/v7e-m+fp/hard\libgcc.a

.debug_info     0x00000000    0x112a6
 .debug_info    0x00000000      0xaa2 ./Application/app_DMXCore.o
 .debug_info    0x00000aa2      0x829 ./Application/app_Sequence.o
 .debug_info    0x000012cb      0x17c ./Application/app_WS2811.o
 .debug_info    0x00001447     0x15be ./Core/Src/main.o
 .debug_info    0x00002a05     0x125d ./Core/Src/stm32f3xx_hal_msp.o
 .debug_info    0x00003c62      0x708 ./Core/Src/stm32f3xx_it.o
 .debug_info    0x0000436a      0x407 ./Core/Src/system_stm32f3xx.o
 .debug_info    0x00004771       0x30 ./Core/Startup/startup_stm32f302rbtx.o
 .debug_info    0x000047a1      0x7a4 ./Drivers/STM32F3xx_HAL_Driver/Src/stm32f3xx_hal.o
 .debug_info    0x00004f45      0xcb4 ./Drivers/STM32F3xx_HAL_Driver/Src/stm32f3xx_hal_cortex.o
 .debug_info    0x00005bf9      0x6e1 ./Drivers/STM32F3xx_HAL_Driver/Src/stm32f3xx_hal_dma.o
 .debug_info    0x000062da      0x5fe ./Drivers/STM32F3xx_HAL_Driver/Src/stm32f3xx_hal_gpio.o
 .debug_info    0x000068d8     0x148a ./Drivers/STM32F3xx_HAL_Driver/Src/stm32f3xx_hal_rcc.o
 .debug_info    0x00007d62      0x59d ./Drivers/STM32F3xx_HAL_Driver/Src/stm32f3xx_hal_rcc_ex.o
 .debug_info    0x000082ff     0x1622 ./Drivers/STM32F3xx_HAL_Driver/Src/stm32f3xx_hal_spi.o
 .debug_info    0x00009921     0x2a70 ./Drivers/STM32F3xx_HAL_Driver/Src/stm32f3xx_hal_tim.o
 .debug_info    0x0000c391     0x156d ./Drivers/STM32F3xx_HAL_Driver/Src/stm32f3xx_hal_tim_ex.o
 .debug_info    0x0000d8fe     0x39a8 ./Drivers/STM32F3xx_HAL_Driver/Src/stm32f3xx_hal_uart.o

.debug_abbrev   0x00000000     0x24e3
 .debug_abbrev  0x00000000      0x21a ./Application/app_DMXCore.o
 .debug_abbrev  0x0000021a      0x1c4 ./Application/app_Sequence.o
 .debug_abbrev  0x000003de       0xe4 ./Application/app_WS2811.o
 .debug_abbrev  0x000004c2      0x2be ./Core/Src/main.o
 .debug_abbrev  0x00000780      0x230 ./Core/Src/stm32f3xx_hal_msp.o
 .debug_abbrev  0x000009b0      0x195 ./Core/Src/stm32f3xx_it.o
 .debug_abbrev  0x00000b45      0x11a ./Core/Src/system_stm32f3xx.o
 .debug_abbrev  0x00000c5f       0x24 ./Core/Startup/startup_stm32f302rbtx.o
 .debug_abbrev  0x00000c83      0x215 ./Drivers/STM32F3xx_HAL_Driver/Src/stm32f3xx_hal.o
 .debug_abbrev  0x00000e98      0x31e ./Drivers/STM32F3xx_HAL_Driver/Src/stm32f3xx_hal_cortex.o
 .debug_abbrev  0x000011b6      0x20d ./Drivers/STM32F3xx_HAL_Driver/Src/stm32f3xx_hal_dma.o
 .debug_abbrev  0x000013c3      0x1ca ./Drivers/STM32F3xx_HAL_Driver/Src/stm32f3xx_hal_gpio.o
 .debug_abbrev  0x0000158d      0x300 ./Drivers/STM32F3xx_HAL_Driver/Src/stm32f3xx_hal_rcc.o
 .debug_abbrev  0x0000188d      0x221 ./Drivers/STM32F3xx_HAL_Driver/Src/stm32f3xx_hal_rcc_ex.o
 .debug_abbrev  0x00001aae      0x269 ./Drivers/STM32F3xx_HAL_Driver/Src/stm32f3xx_hal_spi.o
 .debug_abbrev  0x00001d17      0x278 ./Drivers/STM32F3xx_HAL_Driver/Src/stm32f3xx_hal_tim.o
 .debug_abbrev  0x00001f8f      0x283 ./Drivers/STM32F3xx_HAL_Driver/Src/stm32f3xx_hal_tim_ex.o
 .debug_abbrev  0x00002212      0x2d1 ./Drivers/STM32F3xx_HAL_Driver/Src/stm32f3xx_hal_uart.o

.debug_aranges  0x00000000      0xef8
 .debug_aranges
                0x00000000       0x38 ./Application/app_DMXCore.o
 .debug_aranges
                0x00000038       0x30 ./Application/app_Sequence.o
 .debug_aranges
                0x00000068       0x28 ./Application/app_WS2811.o
 .debug_aranges
                0x00000090       0x58 ./Core/Src/main.o
 .debug_aranges
                0x000000e8       0x50 ./Core/Src/stm32f3xx_hal_msp.o
 .debug_aranges
                0x00000138       0x70 ./Core/Src/stm32f3xx_it.o
 .debug_aranges
                0x000001a8       0x28 ./Core/Src/system_stm32f3xx.o
 .debug_aranges
                0x000001d0       0x28 ./Core/Startup/startup_stm32f302rbtx.o
 .debug_aranges
                0x000001f8       0xe0 ./Drivers/STM32F3xx_HAL_Driver/Src/stm32f3xx_hal.o
 .debug_aranges
                0x000002d8      0x128 ./Drivers/STM32F3xx_HAL_Driver/Src/stm32f3xx_hal_cortex.o
 .debug_aranges
                0x00000400       0x88 ./Drivers/STM32F3xx_HAL_Driver/Src/stm32f3xx_hal_dma.o
 .debug_aranges
                0x00000488       0x58 ./Drivers/STM32F3xx_HAL_Driver/Src/stm32f3xx_hal_gpio.o
 .debug_aranges
                0x000004e0       0x88 ./Drivers/STM32F3xx_HAL_Driver/Src/stm32f3xx_hal_rcc.o
 .debug_aranges
                0x00000568       0x38 ./Drivers/STM32F3xx_HAL_Driver/Src/stm32f3xx_hal_rcc_ex.o
 .debug_aranges
                0x000005a0      0x1d8 ./Drivers/STM32F3xx_HAL_Driver/Src/stm32f3xx_hal_spi.o
 .debug_aranges
                0x00000778      0x3e0 ./Drivers/STM32F3xx_HAL_Driver/Src/stm32f3xx_hal_tim.o
 .debug_aranges
                0x00000b58      0x178 ./Drivers/STM32F3xx_HAL_Driver/Src/stm32f3xx_hal_tim_ex.o
 .debug_aranges
                0x00000cd0      0x228 ./Drivers/STM32F3xx_HAL_Driver/Src/stm32f3xx_hal_uart.o

.debug_rnglists
                0x00000000      0xbb7
 .debug_rnglists
                0x00000000       0x26 ./Application/app_DMXCore.o
 .debug_rnglists
                0x00000026       0x20 ./Application/app_Sequence.o
 .debug_rnglists
                0x00000046       0x19 ./Application/app_WS2811.o
 .debug_rnglists
                0x0000005f       0x3f ./Core/Src/main.o
 .debug_rnglists
                0x0000009e       0x39 ./Core/Src/stm32f3xx_hal_msp.o
 .debug_rnglists
                0x000000d7       0x4f ./Core/Src/stm32f3xx_it.o
 .debug_rnglists
                0x00000126       0x1a ./Core/Src/system_stm32f3xx.o
 .debug_rnglists
                0x00000140       0x19 ./Core/Startup/startup_stm32f302rbtx.o
 .debug_rnglists
                0x00000159       0xa3 ./Drivers/STM32F3xx_HAL_Driver/Src/stm32f3xx_hal.o
 .debug_rnglists
                0x000001fc       0xda ./Drivers/STM32F3xx_HAL_Driver/Src/stm32f3xx_hal_cortex.o
 .debug_rnglists
                0x000002d6       0x69 ./Drivers/STM32F3xx_HAL_Driver/Src/stm32f3xx_hal_dma.o
 .debug_rnglists
                0x0000033f       0x3f ./Drivers/STM32F3xx_HAL_Driver/Src/stm32f3xx_hal_gpio.o
 .debug_rnglists
                0x0000037e       0x66 ./Drivers/STM32F3xx_HAL_Driver/Src/stm32f3xx_hal_rcc.o
 .debug_rnglists
                0x000003e4       0x28 ./Drivers/STM32F3xx_HAL_Driver/Src/stm32f3xx_hal_rcc_ex.o
 .debug_rnglists
                0x0000040c      0x178 ./Drivers/STM32F3xx_HAL_Driver/Src/stm32f3xx_hal_spi.o
 .debug_rnglists
                0x00000584      0x328 ./Drivers/STM32F3xx_HAL_Driver/Src/stm32f3xx_hal_tim.o
 .debug_rnglists
                0x000008ac      0x131 ./Drivers/STM32F3xx_HAL_Driver/Src/stm32f3xx_hal_tim_ex.o
 .debug_rnglists
                0x000009dd      0x1da ./Drivers/STM32F3xx_HAL_Driver/Src/stm32f3xx_hal_uart.o

.debug_macro    0x00000000     0x2c5b
 .debug_macro   0x00000000      0x23c ./Application/app_DMXCore.o
 .debug_macro   0x0000023c      0x2d9 ./Application/app_Sequence.o
 .debug_macro   0x00000515      0x2e8 ./Application/app_WS2811.o
 .debug_macro   0x000007fd       0x61 ./Application/app_WS2811.o
 .debug_macro   0x0000085e       0x2a ./Application/app_WS2811.o
 .debug_macro   0x00000888       0x43 ./Application/app_WS2811.o
 .debug_macro   0x000008cb       0x34 ./Application/app_WS2811.o
 .debug_macro   0x000008ff      0x370 ./Application/app_WS2811.o
 .debug_macro   0x00000c6f       0x16 ./Application/app_WS2811.o
 .debug_macro   0x00000c85       0x4a ./Application/app_WS2811.o
 .debug_macro   0x00000ccf       0x34 ./Application/app_WS2811.o
 .debug_macro   0x00000d03       0x10 ./Application/app_WS2811.o
 .debug_macro   0x00000d13       0x58 ./Application/app_WS2811.o
 .debug_macro   0x00000d6b       0x8e ./Application/app_WS2811.o
 .debug_macro   0x00000df9       0x1c ./Application/app_WS2811.o
 .debug_macro   0x00000e15      0x185 ./Application/app_WS2811.o
 .debug_macro   0x00000f9a       0x10 ./Application/app_WS2811.o
 .debug_macro   0x00000faa       0x3c ./Application/app_WS2811.o
 .debug_macro   0x00000fe6       0x20 ./Application/app_WS2811.o
 .debug_macro   0x00001006       0x28 ./Application/app_WS2811.o
 .debug_macro   0x0000102e       0x4f ./Application/app_WS2811.o
 .debug_macro   0x0000107d      0x217 ./Core/Src/main.o
 .debug_macro   0x00001294       0x2e ./Core/Src/main.o
 .debug_macro   0x000012c2      0x1fb ./Core/Src/stm32f3xx_hal_msp.o
 .debug_macro   0x000014bd      0x205 ./Core/Src/stm32f3xx_it.o
 .debug_macro   0x000016c2      0x1ec ./Core/Src/system_stm32f3xx.o
 .debug_macro   0x000018ae      0x210 ./Drivers/STM32F3xx_HAL_Driver/Src/stm32f3xx_hal.o
 .debug_macro   0x00001abe      0x1ec ./Drivers/STM32F3xx_HAL_Driver/Src/stm32f3xx_hal_cortex.o
 .debug_macro   0x00001caa      0x1ec ./Drivers/STM32F3xx_HAL_Driver/Src/stm32f3xx_hal_dma.o
 .debug_macro   0x00001e96      0x1f3 ./Drivers/STM32F3xx_HAL_Driver/Src/stm32f3xx_hal_gpio.o
 .debug_macro   0x00002089      0x210 ./Drivers/STM32F3xx_HAL_Driver/Src/stm32f3xx_hal_rcc.o
 .debug_macro   0x00002299      0x1ec ./Drivers/STM32F3xx_HAL_Driver/Src/stm32f3xx_hal_rcc_ex.o
 .debug_macro   0x00002485      0x1f4 ./Drivers/STM32F3xx_HAL_Driver/Src/stm32f3xx_hal_spi.o
 .debug_macro   0x00002679      0x1ed ./Drivers/STM32F3xx_HAL_Driver/Src/stm32f3xx_hal_tim.o
 .debug_macro   0x00002866      0x1ec ./Drivers/STM32F3xx_HAL_Driver/Src/stm32f3xx_hal_tim_ex.o
 .debug_macro   0x00002a52      0x209 ./Drivers/STM32F3xx_HAL_Driver/Src/stm32f3xx_hal_uart.o

.debug_line     0x00000000    0x1394a
 .debug_line    0x00000000      0x9f4 ./Application/app_DMXCore.o
 .debug_line    0x000009f4      0x921 ./Application/app_Sequence.o
 .debug_line    0x00001315      0x991 ./Application/app_WS2811.o
 .debug_line    0x00001ca6      0x9eb ./Core/Src/main.o
 .debug_line    0x00002691      0x89f ./Core/Src/stm32f3xx_hal_msp.o
 .debug_line    0x00002f30      0x881 ./Core/Src/stm32f3xx_it.o
 .debug_line    0x000037b1      0x81c ./Core/Src/system_stm32f3xx.o
 .debug_line    0x00003fcd       0x7a ./Core/Startup/startup_stm32f302rbtx.o
 .debug_line    0x00004047      0xa58 ./Drivers/STM32F3xx_HAL_Driver/Src/stm32f3xx_hal.o
 .debug_line    0x00004a9f      0xd23 ./Drivers/STM32F3xx_HAL_Driver/Src/stm32f3xx_hal_cortex.o
 .debug_line    0x000057c2      0xd46 ./Drivers/STM32F3xx_HAL_Driver/Src/stm32f3xx_hal_dma.o
 .debug_line    0x00006508      0xba3 ./Drivers/STM32F3xx_HAL_Driver/Src/stm32f3xx_hal_gpio.o
 .debug_line    0x000070ab     0x15b7 ./Drivers/STM32F3xx_HAL_Driver/Src/stm32f3xx_hal_rcc.o
 .debug_line    0x00008662      0xd58 ./Drivers/STM32F3xx_HAL_Driver/Src/stm32f3xx_hal_rcc_ex.o
 .debug_line    0x000093ba     0x212b ./Drivers/STM32F3xx_HAL_Driver/Src/stm32f3xx_hal_spi.o
 .debug_line    0x0000b4e5     0x3d71 ./Drivers/STM32F3xx_HAL_Driver/Src/stm32f3xx_hal_tim.o
 .debug_line    0x0000f256     0x1a49 ./Drivers/STM32F3xx_HAL_Driver/Src/stm32f3xx_hal_tim_ex.o
 .debug_line    0x00010c9f     0x2cab ./Drivers/STM32F3xx_HAL_Driver/Src/stm32f3xx_hal_uart.o

.debug_str      0x00000000    0xb0812
 .debug_str     0x00000000    0xb0812 ./Application/app_DMXCore.o
                              0xa971a (size before relaxing)
 .debug_str     0x000b0812    0xa9b3d ./Application/app_Sequence.o
 .debug_str     0x000b0812    0xabe4d ./Application/app_WS2811.o
 .debug_str     0x000b0812    0xa9ea5 ./Core/Src/main.o
 .debug_str     0x000b0812    0xa9a4f ./Core/Src/stm32f3xx_hal_msp.o
 .debug_str     0x000b0812    0xa916f ./Core/Src/stm32f3xx_it.o
 .debug_str     0x000b0812    0xa8b3f ./Core/Src/system_stm32f3xx.o
 .debug_str     0x000b0812       0x8f ./Core/Startup/startup_stm32f302rbtx.o
 .debug_str     0x000b0812    0xa9316 ./Drivers/STM32F3xx_HAL_Driver/Src/stm32f3xx_hal.o
 .debug_str     0x000b0812    0xa939a ./Drivers/STM32F3xx_HAL_Driver/Src/stm32f3xx_hal_cortex.o
 .debug_str     0x000b0812    0xa8e87 ./Drivers/STM32F3xx_HAL_Driver/Src/stm32f3xx_hal_dma.o
 .debug_str     0x000b0812    0xa8cb5 ./Drivers/STM32F3xx_HAL_Driver/Src/stm32f3xx_hal_gpio.o
 .debug_str     0x000b0812    0xa8fdf ./Drivers/STM32F3xx_HAL_Driver/Src/stm32f3xx_hal_rcc.o
 .debug_str     0x000b0812    0xa8d7c ./Drivers/STM32F3xx_HAL_Driver/Src/stm32f3xx_hal_rcc_ex.o
 .debug_str     0x000b0812    0xa9465 ./Drivers/STM32F3xx_HAL_Driver/Src/stm32f3xx_hal_spi.o
 .debug_str     0x000b0812    0xa9f76 ./Drivers/STM32F3xx_HAL_Driver/Src/stm32f3xx_hal_tim.o
 .debug_str     0x000b0812    0xa97bc ./Drivers/STM32F3xx_HAL_Driver/Src/stm32f3xx_hal_tim_ex.o
 .debug_str     0x000b0812    0xa9862 ./Drivers/STM32F3xx_HAL_Driver/Src/stm32f3xx_hal_uart.o

.comment        0x00000000       0x43
 .comment       0x00000000       0x43 ./Application/app_DMXCore.o
                                 0x44 (size before relaxing)
 .comment       0x00000043       0x44 ./Application/app_Sequence.o
 .comment       0x00000043       0x44 ./Application/app_WS2811.o
 .comment       0x00000043       0x44 ./Core/Src/main.o
 .comment       0x00000043       0x44 ./Core/Src/stm32f3xx_hal_msp.o
 .comment       0x00000043       0x44 ./Core/Src/stm32f3xx_it.o
 .comment       0x00000043       0x44 ./Core/Src/system_stm32f3xx.o
 .comment       0x00000043       0x44 ./Drivers/STM32F3xx_HAL_Driver/Src/stm32f3xx_hal.o
 .comment       0x00000043       0x44 ./Drivers/STM32F3xx_HAL_Driver/Src/stm32f3xx_hal_cortex.o
 .comment       0x00000043       0x44 ./Drivers/STM32F3xx_HAL_Driver/Src/stm32f3xx_hal_dma.o
 .comment       0x00000043       0x44 ./Drivers/STM32F3xx_HAL_Driver/Src/stm32f3xx_hal_gpio.o
 .comment       0x00000043       0x44 ./Drivers/STM32F3xx_HAL_Driver/Src/stm32f3xx_hal_rcc.o
 .comment       0x00000043       0x44 ./Drivers/STM32F3xx_HAL_Driver/Src/stm32f3xx_hal_rcc_ex.o
 .comment       0x00000043       0x44 ./Drivers/STM32F3xx_HAL_Driver/Src/stm32f3xx_hal_spi.o
 .comment       0x00000043       0x44 ./Drivers/STM32F3xx_HAL_Driver/Src/stm32f3xx_hal_tim.o
 .comment       0x00000043       0x44 ./Drivers/STM32F3xx_HAL_Driver/Src/stm32f3xx_hal_tim_ex.o
 .comment       0x00000043       0x44 ./Drivers/STM32F3xx_HAL_Driver/Src/stm32f3xx_hal_uart.o

.debug_frame    0x00000000     0x3ea4
 .debug_frame   0x00000000       0xa0 ./Application/app_DMXCore.o
 .debug_frame   0x000000a0       0x7c ./Application/app_Sequence.o
 .debug_frame   0x0000011c       0x54 ./Application/app_WS2811.o
 .debug_frame   0x00000170      0x10c ./Core/Src/main.o
 .debug_frame   0x0000027c      0x110 ./Core/Src/stm32f3xx_hal_msp.o
 .debug_frame   0x0000038c      0x13c ./Core/Src/stm32f3xx_it.o
 .debug_frame   0x000004c8       0x58 ./Core/Src/system_stm32f3xx.o
 .debug_frame   0x00000520      0x334 ./Drivers/STM32F3xx_HAL_Driver/Src/stm32f3xx_hal.o
 .debug_frame   0x00000854      0x4e8 ./Drivers/STM32F3xx_HAL_Driver/Src/stm32f3xx_hal_cortex.o
 .debug_frame   0x00000d3c      0x224 ./Drivers/STM32F3xx_HAL_Driver/Src/stm32f3xx_hal_dma.o
 .debug_frame   0x00000f60      0x14c ./Drivers/STM32F3xx_HAL_Driver/Src/stm32f3xx_hal_gpio.o
 .debug_frame   0x000010ac      0x214 ./Drivers/STM32F3xx_HAL_Driver/Src/stm32f3xx_hal_rcc.o
 .debug_frame   0x000012c0       0xb0 ./Drivers/STM32F3xx_HAL_Driver/Src/stm32f3xx_hal_rcc_ex.o
 .debug_frame   0x00001370      0x860 ./Drivers/STM32F3xx_HAL_Driver/Src/stm32f3xx_hal_spi.o
 .debug_frame   0x00001bd0     0x1218 ./Drivers/STM32F3xx_HAL_Driver/Src/stm32f3xx_hal_tim.o
 .debug_frame   0x00002de8      0x688 ./Drivers/STM32F3xx_HAL_Driver/Src/stm32f3xx_hal_tim_ex.o
 .debug_frame   0x00003470      0x9e8 ./Drivers/STM32F3xx_HAL_Driver/Src/stm32f3xx_hal_uart.o
 .debug_frame   0x00003e58       0x20 C:/ST/STM32CubeIDE_1.19.0/STM32CubeIDE/plugins/com.st.stm32cube.ide.mcu.externaltools.gnu-tools-for-stm32.13.3.rel1.win32_1.0.0.202411081344/tools/bin/../lib/gcc/arm-none-eabi/13.3.1/../../../../arm-none-eabi/lib/thumb/v7e-m+fp/hard\libc_nano.a(libc_a-memset.o)
 .debug_frame   0x00003e78       0x2c C:/ST/STM32CubeIDE_1.19.0/STM32CubeIDE/plugins/com.st.stm32cube.ide.mcu.externaltools.gnu-tools-for-stm32.13.3.rel1.win32_1.0.0.202411081344/tools/bin/../lib/gcc/arm-none-eabi/13.3.1/../../../../arm-none-eabi/lib/thumb/v7e-m+fp/hard\libc_nano.a(libc_a-init.o)

.debug_line_str
                0x00000000       0x73
 .debug_line_str
                0x00000000       0x73 ./Core/Startup/startup_stm32f302rbtx.o
