Archive member included to satisfy reference by file (symbol)

C:/ST/STM32CubeIDE_1.19.0/STM32CubeIDE/plugins/com.st.stm32cube.ide.mcu.externaltools.gnu-tools-for-stm32.13.3.rel1.win32_1.0.0.202411081344/tools/bin/../lib/gcc/arm-none-eabi/13.3.1/../../../../arm-none-eabi/lib/thumb/v7e-m+fp/hard\libc_nano.a(libc_a-exit.o)
                              C:/ST/STM32CubeIDE_1.19.0/STM32CubeIDE/plugins/com.st.stm32cube.ide.mcu.externaltools.gnu-tools-for-stm32.13.3.rel1.win32_1.0.0.202411081344/tools/bin/../lib/gcc/arm-none-eabi/13.3.1/../../../../arm-none-eabi/lib/thumb/v7e-m+fp/hard/crt0.o (exit)
C:/ST/STM32CubeIDE_1.19.0/STM32CubeIDE/plugins/com.st.stm32cube.ide.mcu.externaltools.gnu-tools-for-stm32.13.3.rel1.win32_1.0.0.202411081344/tools/bin/../lib/gcc/arm-none-eabi/13.3.1/../../../../arm-none-eabi/lib/thumb/v7e-m+fp/hard\libc_nano.a(libc_a-findfp.o)
                              C:/ST/STM32CubeIDE_1.19.0/STM32CubeIDE/plugins/com.st.stm32cube.ide.mcu.externaltools.gnu-tools-for-stm32.13.3.rel1.win32_1.0.0.202411081344/tools/bin/../lib/gcc/arm-none-eabi/13.3.1/../../../../arm-none-eabi/lib/thumb/v7e-m+fp/hard\libc_nano.a(libc_a-exit.o) (__stdio_exit_handler)
C:/ST/STM32CubeIDE_1.19.0/STM32CubeIDE/plugins/com.st.stm32cube.ide.mcu.externaltools.gnu-tools-for-stm32.13.3.rel1.win32_1.0.0.202411081344/tools/bin/../lib/gcc/arm-none-eabi/13.3.1/../../../../arm-none-eabi/lib/thumb/v7e-m+fp/hard\libc_nano.a(libc_a-fwalk.o)
                              C:/ST/STM32CubeIDE_1.19.0/STM32CubeIDE/plugins/com.st.stm32cube.ide.mcu.externaltools.gnu-tools-for-stm32.13.3.rel1.win32_1.0.0.202411081344/tools/bin/../lib/gcc/arm-none-eabi/13.3.1/../../../../arm-none-eabi/lib/thumb/v7e-m+fp/hard\libc_nano.a(libc_a-findfp.o) (_fwalk_sglue)
C:/ST/STM32CubeIDE_1.19.0/STM32CubeIDE/plugins/com.st.stm32cube.ide.mcu.externaltools.gnu-tools-for-stm32.13.3.rel1.win32_1.0.0.202411081344/tools/bin/../lib/gcc/arm-none-eabi/13.3.1/../../../../arm-none-eabi/lib/thumb/v7e-m+fp/hard\libc_nano.a(libc_a-stdio.o)
                              C:/ST/STM32CubeIDE_1.19.0/STM32CubeIDE/plugins/com.st.stm32cube.ide.mcu.externaltools.gnu-tools-for-stm32.13.3.rel1.win32_1.0.0.202411081344/tools/bin/../lib/gcc/arm-none-eabi/13.3.1/../../../../arm-none-eabi/lib/thumb/v7e-m+fp/hard\libc_nano.a(libc_a-findfp.o) (__sread)
C:/ST/STM32CubeIDE_1.19.0/STM32CubeIDE/plugins/com.st.stm32cube.ide.mcu.externaltools.gnu-tools-for-stm32.13.3.rel1.win32_1.0.0.202411081344/tools/bin/../lib/gcc/arm-none-eabi/13.3.1/../../../../arm-none-eabi/lib/thumb/v7e-m+fp/hard\libc_nano.a(libc_a-memset.o)
                              C:/ST/STM32CubeIDE_1.19.0/STM32CubeIDE/plugins/com.st.stm32cube.ide.mcu.externaltools.gnu-tools-for-stm32.13.3.rel1.win32_1.0.0.202411081344/tools/bin/../lib/gcc/arm-none-eabi/13.3.1/../../../../arm-none-eabi/lib/thumb/v7e-m+fp/hard/crt0.o (memset)
C:/ST/STM32CubeIDE_1.19.0/STM32CubeIDE/plugins/com.st.stm32cube.ide.mcu.externaltools.gnu-tools-for-stm32.13.3.rel1.win32_1.0.0.202411081344/tools/bin/../lib/gcc/arm-none-eabi/13.3.1/../../../../arm-none-eabi/lib/thumb/v7e-m+fp/hard\libc_nano.a(libc_a-closer.o)
                              C:/ST/STM32CubeIDE_1.19.0/STM32CubeIDE/plugins/com.st.stm32cube.ide.mcu.externaltools.gnu-tools-for-stm32.13.3.rel1.win32_1.0.0.202411081344/tools/bin/../lib/gcc/arm-none-eabi/13.3.1/../../../../arm-none-eabi/lib/thumb/v7e-m+fp/hard\libc_nano.a(libc_a-stdio.o) (_close_r)
C:/ST/STM32CubeIDE_1.19.0/STM32CubeIDE/plugins/com.st.stm32cube.ide.mcu.externaltools.gnu-tools-for-stm32.13.3.rel1.win32_1.0.0.202411081344/tools/bin/../lib/gcc/arm-none-eabi/13.3.1/../../../../arm-none-eabi/lib/thumb/v7e-m+fp/hard\libc_nano.a(libc_a-reent.o)
                              C:/ST/STM32CubeIDE_1.19.0/STM32CubeIDE/plugins/com.st.stm32cube.ide.mcu.externaltools.gnu-tools-for-stm32.13.3.rel1.win32_1.0.0.202411081344/tools/bin/../lib/gcc/arm-none-eabi/13.3.1/../../../../arm-none-eabi/lib/thumb/v7e-m+fp/hard\libc_nano.a(libc_a-closer.o) (errno)
C:/ST/STM32CubeIDE_1.19.0/STM32CubeIDE/plugins/com.st.stm32cube.ide.mcu.externaltools.gnu-tools-for-stm32.13.3.rel1.win32_1.0.0.202411081344/tools/bin/../lib/gcc/arm-none-eabi/13.3.1/../../../../arm-none-eabi/lib/thumb/v7e-m+fp/hard\libc_nano.a(libc_a-impure.o)
                              C:/ST/STM32CubeIDE_1.19.0/STM32CubeIDE/plugins/com.st.stm32cube.ide.mcu.externaltools.gnu-tools-for-stm32.13.3.rel1.win32_1.0.0.202411081344/tools/bin/../lib/gcc/arm-none-eabi/13.3.1/../../../../arm-none-eabi/lib/thumb/v7e-m+fp/hard\libc_nano.a(libc_a-reent.o) (_impure_ptr)
C:/ST/STM32CubeIDE_1.19.0/STM32CubeIDE/plugins/com.st.stm32cube.ide.mcu.externaltools.gnu-tools-for-stm32.13.3.rel1.win32_1.0.0.202411081344/tools/bin/../lib/gcc/arm-none-eabi/13.3.1/../../../../arm-none-eabi/lib/thumb/v7e-m+fp/hard\libc_nano.a(libc_a-lseekr.o)
[...]
Memory Configuration

Name             Origin             Length             Attributes
RAM              0x20000000         0x00008000         xrw
FLASH            0x08000000         0x00020000         xr
*default*        0x00000000         0xffffffff

Linker script and memory map

LOAD C:/ST/STM32CubeIDE_1.19.0/STM32CubeIDE/plugins/com.st.stm32cube.ide.mcu.externaltools.gnu-tools-for-stm32.13.3.rel1.win32_1.0.0.202411081344/tools/bin/../lib/gcc/arm-none-eabi/13.3.1/thumb/v7e-m+fp/hard/crti.o
LOAD C:/ST/STM32CubeIDE_1.19.0/STM32CubeIDE/plugins/com.st.stm32cube.ide.mcu.externaltools.gnu-tools-for-stm32.13.3.rel1.win32_1.0.0.202411081344/tools/bin/../lib/gcc/arm-none-eabi/13.3.1/thumb/v7e-m+fp/hard/crtbegin.o
LOAD C:/ST/STM32CubeIDE_1.19.0/STM32CubeIDE/plugins/com.st.stm32cube.ide.mcu.externaltools.gnu-tools-for-stm32.13.3.rel1.win32_1.0.0.202411081344/tools/bin/../lib/gcc/arm-none-eabi/13.3.1/../../../../arm-none-eabi/lib/thumb/v7e-m+fp/hard/crt0.o
LOAD ./Core/Src/main.o
LOAD ./Core/Src/stm32f3xx_hal_msp.o
LOAD ./Core/Src/stm32f3xx_it.o
LOAD ./Core/Src/syscalls.o
LOAD ./Core/Src/sysmem.o
LOAD ./Core/Src/system_stm32f3xx.o
LOAD ./Core/Startup/startup_stm32f302rbtx.o
LOAD ./Drivers/STM32F3xx_HAL_Driver/Src/stm32f3xx_hal.o
LOAD ./Drivers/STM32F3xx_HAL_Driver/Src/stm32f3xx_hal_cortex.o
LOAD ./Drivers/STM32F3xx_HAL_Driver/Src/stm32f3xx_hal_dma.o
LOAD ./Drivers/STM32F3xx_HAL_Driver/Src/stm32f3xx_hal_exti.o
LOAD ./Drivers/STM32F3xx_HAL_Driver/Src/stm32f3xx_hal_flash.o
LOAD ./Drivers/STM32F3xx_HAL_Driver/Src/stm32f3xx_hal_flash_ex.o
LOAD ./Drivers/STM32F3xx_HAL_Driver/Src/stm32f3xx_hal_gpio.o
LOAD ./Drivers/STM32F3xx_HAL_Driver/Src/stm32f3xx_hal_i2c.o
LOAD ./Drivers/STM32F3xx_HAL_Driver/Src/stm32f3xx_hal_i2c_ex.o
LOAD ./Drivers/STM32F3xx_HAL_Driver/Src/stm32f3xx_hal_pwr.o
LOAD ./Drivers/STM32F3xx_HAL_Driver/Src/stm32f3xx_hal_pwr_ex.o
LOAD ./Drivers/STM32F3xx_HAL_Driver/Src/stm32f3xx_hal_rcc.o
LOAD ./Drivers/STM32F3xx_HAL_Driver/Src/stm32f3xx_hal_rcc_ex.o
LOAD ./Drivers/STM32F3xx_HAL_Driver/Src/stm32f3xx_hal_spi.o
LOAD ./Drivers/STM32F3xx_HAL_Driver/Src/stm32f3xx_hal_spi_ex.o
LOAD ./Drivers/STM32F3xx_HAL_Driver/Src/stm32f3xx_hal_uart.o
LOAD ./Drivers/STM32F3xx_HAL_Driver/Src/stm32f3xx_hal_uart_ex.o
START GROUP
LOAD C:/ST/STM32CubeIDE_1.19.0/STM32CubeIDE/plugins/com.st.stm32cube.ide.mcu.externaltools.gnu-tools-for-stm32.13.3.rel1.win32_1.0.0.202411081344/tools/bin/../lib/gcc/arm-none-eabi/13.3.1/../../../../arm-none-eabi/lib/thumb/v7e-m+fp/hard\libc_nano.a
LOAD C:/ST/STM32CubeIDE_1.19.0/STM32CubeIDE/plugins/com.st.stm32cube.ide.mcu.externaltools.gnu-tools-for-stm32.13.3.rel1.win32_1.0.0.202411081344/tools/bin/../lib/gcc/arm-none-eabi/13.3.1/../../../../arm-none-eabi/lib/thumb/v7e-m+fp/hard\libm.a
END GROUP
START GROUP
LOAD C:/ST/STM32CubeIDE_1.19.0/STM32CubeIDE/plugins/com.st.stm32cube.ide.mcu.externaltools.gnu-tools-for-stm32.13.3.rel1.win32_1.0.0.202411081344/tools/bin/../lib/gcc/arm-none-eabi/13.3.1/thumb/v7e-m+fp/hard\libgcc.a
LOAD C:/ST/STM32CubeIDE_1.19.0/STM32CubeIDE/plugins/com.st.stm32cube.ide.mcu.externaltools.gnu-tools-for-stm32.13.3.rel1.win32_1.0.0.202411081344/tools/bin/../lib/gcc/arm-none-eabi/13.3.1/../../../../arm-none-eabi/lib/thumb/v7e-m+fp/hard\libc_nano.a
END GROUP
START GROUP
LOAD C:/ST/STM32CubeIDE_1.19.0/STM32CubeIDE/plugins/com.st.stm32cube.ide.mcu.externaltools.gnu-tools-for-stm32.13.3.rel1.win32_1.0.0.202411081344/tools/bin/../lib/gcc/arm-none-eabi/13.3.1/thumb/v7e-m+fp/hard\libgcc.a
LOAD C:/ST/STM32CubeIDE_1.19.0/STM32CubeIDE/plugins/com.st.stm32cube.ide.mcu.externaltools.gnu-tools-for-stm32.13.3.rel1.win32_1.0.0.202411081344/tools/bin/../lib/gcc/arm-none-eabi/13.3.1/../../../../arm-none-eabi/lib/thumb/v7e-m+fp/hard\libc_nano.a
LOAD C:/ST/STM32CubeIDE_1.19.0/STM32CubeIDE/plugins/com.st.stm32cube.ide.mcu.externaltools.gnu-tools-for-stm32.13.3.rel1.win32_1.0.0.202411081344/tools/bin/../lib/gcc/arm-none-eabi/13.3.1/../../../../arm-none-eabi/lib/thumb/v7e-m+fp/hard\libnosys.a
END GROUP
START GROUP
LOAD C:/ST/STM32CubeIDE_1.19.0/STM32CubeIDE/plugins/com.st.stm32cube.ide.mcu.externaltools.gnu-tools-for-stm32.13.3.rel1.win32_1.0.0.202411081344/tools/bin/../lib/gcc/arm-none-eabi/13.3.1/thumb/v7e-m+fp/hard\libgcc.a
LOAD C:/ST/STM32CubeIDE_1.19.0/STM32CubeIDE/plugins/com.st.stm32cube.ide.mcu.externaltools.gnu-tools-for-stm32.13.3.rel1.win32_1.0.0.202411081344/tools/bin/../lib/gcc/arm-none-eabi/13.3.1/../../../../arm-none-eabi/lib/thumb/v7e-m+fp/hard\libc_nano.a
LOAD C:/ST/STM32CubeIDE_1.19.0/STM32CubeIDE/plugins/com.st.stm32cube.ide.mcu.externaltools.gnu-tools-for-stm32.13.3.rel1.win32_1.0.0.202411081344/tools/bin/../lib/gcc/arm-none-eabi/13.3.1/../../../../arm-none-eabi/lib/thumb/v7e-m+fp/hard\libnosys.a
END GROUP
LOAD C:/ST/STM32CubeIDE_1.19.0/STM32CubeIDE/plugins/com.st.stm32cube.ide.mcu.externaltools.gnu-tools-for-stm32.13.3.rel1.win32_1.0.0.202411081344/tools/bin/../lib/gcc/arm-none-eabi/13.3.1/thumb/v7e-m+fp/hard/crtend.o
LOAD C:/ST/STM32CubeIDE_1.19.0/STM32CubeIDE/plugins/com.st.stm32cube.ide.mcu.externaltools.gnu-tools-for-stm32.13.3.rel1.win32_1.0.0.202411081344/tools/bin/../lib/gcc/arm-none-eabi/13.3.1/thumb/v7e-m+fp/hard/crtn.o
                0x20008000                        _estack = (ORIGIN (RAM) + LENGTH (RAM))
                0x00000200                        _Min_Heap_Size = 0x200
                0x00000400                        _Min_Stack_Size = 0x400

.isr_vector     0x08000000      0x188
                0x08000000                        . = ALIGN (0x4)
 *(.isr_vector)
 .isr_vector    0x08000000      0x188 ./Core/Startup/startup_stm32f302rbtx.o
                0x08000000                g_pfnVectors
                0x08000188                        . = ALIGN (0x4)

.text           0x08000188     0x3660
                0x08000188                        . = ALIGN (0x4)
 *(.text)
 .text          0x08000188       0x40 C:/ST/STM32CubeIDE_1.19.0/STM32CubeIDE/plugins/com.st.stm32cube.ide.mcu.externaltools.gnu-tools-for-stm32.13.3.rel1.win32_1.0.0.202411081344/tools/bin/../lib/gcc/arm-none-eabi/13.3.1/thumb/v7e-m+fp/hard/crtbegin.o
 *(.text*)
 .text.main     0x080001c8       0x34 ./Core/Src/main.o
                0x080001c8                main
 .text.SystemClock_Config
                0x080001fc       0xb4 ./Core/Src/main.o
                0x080001fc                SystemClock_Config
 .text.MX_SPI1_Init
                0x080002b0       0x7c ./Core/Src/main.o
 .text.MX_USART1_UART_Init
                0x0800032c       0x60 ./Core/Src/main.o
 .text.MX_DMA_Init
                0x0800038c       0x3c ./Core/Src/main.o
 .text.MX_GPIO_Init
                0x080003c8       0x7c ./Core/Src/main.o
 .text.Error_Handler
                0x08000444        0xc ./Core/Src/main.o
                0x08000444                Error_Handler
 .text.HAL_MspInit
                0x08000450       0x48 ./Core/Src/stm32f3xx_hal_msp.o
                0x08000450                HAL_MspInit
 .text.HAL_SPI_MspInit
                0x08000498       0xd8 ./Core/Src/stm32f3xx_hal_msp.o
                0x08000498                HAL_SPI_MspInit
 .text.HAL_UART_MspInit
                0x08000570       0x88 ./Core/Src/stm32f3xx_hal_msp.o
                0x08000570                HAL_UART_MspInit
 .text.NMI_Handler
                0x080005f8        0x8 ./Core/Src/stm32f3xx_it.o
                0x080005f8                NMI_Handler
 .text.HardFault_Handler
                0x08000600        0x8 ./Core/Src/stm32f3xx_it.o
                0x08000600                HardFault_Handler
 .text.MemManage_Handler
                0x08000608        0x8 ./Core/Src/stm32f3xx_it.o
                0x08000608                MemManage_Handler
 .text.BusFault_Handler
                0x08000610        0x8 ./Core/Src/stm32f3xx_it.o
                0x08000610                BusFault_Handler
 .text.UsageFault_Handler
                0x08000618        0x8 ./Core/Src/stm32f3xx_it.o
                0x08000618                UsageFault_Handler
 .text.SVC_Handler
                0x08000620        0xe ./Core/Src/stm32f3xx_it.o
                0x08000620                SVC_Handler
 .text.DebugMon_Handler
                0x0800062e        0xe ./Core/Src/stm32f3xx_it.o
                0x0800062e                DebugMon_Handler
 .text.PendSV_Handler
                0x0800063c        0xe ./Core/Src/stm32f3xx_it.o
                0x0800063c                PendSV_Handler
 .text.SysTick_Handler
                0x0800064a        0xc ./Core/Src/stm32f3xx_it.o
                0x0800064a                SysTick_Handler
 *fill*         0x08000656        0x2 
 .text.DMA1_Channel3_IRQHandler
                0x08000658       0x14 ./Core/Src/stm32f3xx_it.o
                0x08000658                DMA1_Channel3_IRQHandler
 .text.SystemInit
                0x0800066c       0x24 ./Core/Src/system_stm32f3xx.o
                0x0800066c                SystemInit
 .text.Reset_Handler
                0x08000690       0x50 ./Core/Startup/startup_stm32f302rbtx.o
                0x08000690                Reset_Handler
 .text.Default_Handler
                0x080006e0        0x2 ./Core/Startup/startup_stm32f302rbtx.o
                0x080006e0                RTC_Alarm_IRQHandler
                0x080006e0                TIM1_CC_IRQHandler
                0x080006e0                USB_HP_IRQHandler
                0x080006e0                PVD_IRQHandler
                0x080006e0                TAMP_STAMP_IRQHandler
                0x080006e0                EXTI3_IRQHandler
                0x080006e0                USB_HP_CAN_TX_IRQHandler
                0x080006e0                EXTI0_IRQHandler
                0x080006e0                I2C2_EV_IRQHandler
                0x080006e0                FPU_IRQHandler
                0x080006e0                TIM1_UP_TIM16_IRQHandler
                0x080006e0                ADC1_2_IRQHandler
                0x080006e0                SPI1_IRQHandler
                0x080006e0                CAN_SCE_IRQHandler
                0x080006e0                TIM6_DAC_IRQHandler
                0x080006e0                DMA2_Channel2_IRQHandler
                0x080006e0                DMA1_Channel4_IRQHandler
                0x080006e0                USART3_IRQHandler
                0x080006e0                DMA1_Channel7_IRQHandler
                0x080006e0                UART5_IRQHandler
                0x080006e0                TIM4_IRQHandler
                0x080006e0                CAN_RX1_IRQHandler
                0x080006e0                DMA2_Channel1_IRQHandler
                0x080006e0                I2C1_EV_IRQHandler
                0x080006e0                DMA1_Channel6_IRQHandler
                0x080006e0                UART4_IRQHandler
                0x080006e0                DMA2_Channel4_IRQHandler
                0x080006e0                TIM3_IRQHandler
                0x080006e0                RCC_IRQHandler
                0x080006e0                DMA1_Channel1_IRQHandler
                0x080006e0                Default_Handler
                0x080006e0                USBWakeUp_RMP_IRQHandler
                0x080006e0                EXTI15_10_IRQHandler
                0x080006e0                EXTI9_5_IRQHandler
                0x080006e0                RTC_WKUP_IRQHandler
                0x080006e0                SPI2_IRQHandler
                0x080006e0                USB_LP_CAN_RX0_IRQHandler
                0x080006e0                DMA2_Channel5_IRQHandler
                0x080006e0                DMA1_Channel5_IRQHandler
                0x080006e0                USB_LP_IRQHandler
                0x080006e0                EXTI4_IRQHandler
                0x080006e0                COMP1_2_IRQHandler
                0x080006e0                TIM1_TRG_COM_TIM17_IRQHandler
                0x080006e0                WWDG_IRQHandler
                0x080006e0                TIM2_IRQHandler
                0x080006e0                EXTI1_IRQHandler
                0x080006e0                COMP4_6_IRQHandler
                0x080006e0                USART2_IRQHandler
                0x080006e0                I2C2_ER_IRQHandler
                0x080006e0                DMA1_Channel2_IRQHandler
                0x080006e0                FLASH_IRQHandler
                0x080006e0                USART1_IRQHandler
                0x080006e0                SPI3_IRQHandler
                0x080006e0                I2C1_ER_IRQHandler
                0x080006e0                USBWakeUp_IRQHandler
                0x080006e0                DMA2_Channel3_IRQHandler
                0x080006e0                EXTI2_TSC_IRQHandler
                0x080006e0                TIM1_BRK_TIM15_IRQHandler
 *fill*         0x080006e2        0x2 
 .text.HAL_Init
                0x080006e4       0x2c ./Drivers/STM32F3xx_HAL_Driver/Src/stm32f3xx_hal.o
                0x080006e4                HAL_Init
 .text.HAL_InitTick
                0x08000710       0x60 ./Drivers/STM32F3xx_HAL_Driver/Src/stm32f3xx_hal.o
                0x08000710                HAL_InitTick
 .text.HAL_IncTick
                0x08000770       0x28 ./Drivers/STM32F3xx_HAL_Driver/Src/stm32f3xx_hal.o
                0x08000770                HAL_IncTick
 .text.HAL_GetTick
                0x08000798       0x18 ./Drivers/STM32F3xx_HAL_Driver/Src/stm32f3xx_hal.o
                0x08000798                HAL_GetTick
 .text.__NVIC_SetPriorityGrouping
                0x080007b0       0x48 ./Drivers/STM32F3xx_HAL_Driver/Src/stm32f3xx_hal_cortex.o
 .text.__NVIC_GetPriorityGrouping
                0x080007f8       0x1c ./Drivers/STM32F3xx_HAL_Driver/Src/stm32f3xx_hal_cortex.o
 .text.__NVIC_EnableIRQ
                0x08000814       0x3c ./Drivers/STM32F3xx_HAL_Driver/Src/stm32f3xx_hal_cortex.o
 .text.__NVIC_SetPriority
                0x08000850       0x54 ./Drivers/STM32F3xx_HAL_Driver/Src/stm32f3xx_hal_cortex.o
 .text.NVIC_EncodePriority
                0x080008a4       0x66 ./Drivers/STM32F3xx_HAL_Driver/Src/stm32f3xx_hal_cortex.o
 *fill*         0x0800090a        0x2 
 .text.SysTick_Config
                0x0800090c       0x44 ./Drivers/STM32F3xx_HAL_Driver/Src/stm32f3xx_hal_cortex.o
 .text.HAL_NVIC_SetPriorityGrouping
                0x08000950       0x16 ./Drivers/STM32F3xx_HAL_Driver/Src/stm32f3xx_hal_cortex.o
                0x08000950                HAL_NVIC_SetPriorityGrouping
 .text.HAL_NVIC_SetPriority
                0x08000966       0x38 ./Drivers/STM32F3xx_HAL_Driver/Src/stm32f3xx_hal_cortex.o
                0x08000966                HAL_NVIC_SetPriority
 .text.HAL_NVIC_EnableIRQ
                0x0800099e       0x1c ./Drivers/STM32F3xx_HAL_Driver/Src/stm32f3xx_hal_cortex.o
                0x0800099e                HAL_NVIC_EnableIRQ
 .text.HAL_SYSTICK_Config
                0x080009ba       0x18 ./Drivers/STM32F3xx_HAL_Driver/Src/stm32f3xx_hal_cortex.o
                0x080009ba                HAL_SYSTICK_Config
 .text.HAL_DMA_Init
                0x080009d2       0x8e ./Drivers/STM32F3xx_HAL_Driver/Src/stm32f3xx_hal_dma.o
                0x080009d2                HAL_DMA_Init
 .text.HAL_DMA_Start_IT
                0x08000a60       0xbe ./Drivers/STM32F3xx_HAL_Driver/Src/stm32f3xx_hal_dma.o
                0x08000a60                HAL_DMA_Start_IT
 .text.HAL_DMA_IRQHandler
                0x08000b1e      0x146 ./Drivers/STM32F3xx_HAL_Driver/Src/stm32f3xx_hal_dma.o
                0x08000b1e                HAL_DMA_IRQHandler
 .text.DMA_SetConfig
                0x08000c64       0x5c ./Drivers/STM32F3xx_HAL_Driver/Src/stm32f3xx_hal_dma.o
 .text.DMA_CalcBaseAndBitshift
                0x08000cc0       0x78 ./Drivers/STM32F3xx_HAL_Driver/Src/stm32f3xx_hal_dma.o
 .text.HAL_GPIO_Init
                0x08000d38      0x2f4 ./Drivers/STM32F3xx_HAL_Driver/Src/stm32f3xx_hal_gpio.o
                0x08000d38                HAL_GPIO_Init
 .text.HAL_GPIO_WritePin
                0x0800102c       0x30 ./Drivers/STM32F3xx_HAL_Driver/Src/stm32f3xx_hal_gpio.o
                0x0800102c                HAL_GPIO_WritePin
 .text.HAL_RCC_OscConfig
                0x0800105c     0x101c ./Drivers/STM32F3xx_HAL_Driver/Src/stm32f3xx_hal_rcc.o
                0x0800105c                HAL_RCC_OscConfig
 .text.HAL_RCC_ClockConfig
                0x08002078      0x2dc ./Drivers/STM32F3xx_HAL_Driver/Src/stm32f3xx_hal_rcc.o
                0x08002078                HAL_RCC_ClockConfig
 .text.HAL_RCC_GetSysClockFreq
                0x08002354       0xa8 ./Drivers/STM32F3xx_HAL_Driver/Src/stm32f3xx_hal_rcc.o
                0x08002354                HAL_RCC_GetSysClockFreq
 .text.HAL_RCC_GetHCLKFreq
                0x080023fc       0x18 ./Drivers/STM32F3xx_HAL_Driver/Src/stm32f3xx_hal_rcc.o
                0x080023fc                HAL_RCC_GetHCLKFreq
 .text.HAL_RCC_GetPCLK1Freq
                0x08002414       0x44 ./Drivers/STM32F3xx_HAL_Driver/Src/stm32f3xx_hal_rcc.o
                0x08002414                HAL_RCC_GetPCLK1Freq
 .text.HAL_RCC_GetPCLK2Freq
                0x08002458       0x44 ./Drivers/STM32F3xx_HAL_Driver/Src/stm32f3xx_hal_rcc.o
                0x08002458                HAL_RCC_GetPCLK2Freq
 .text.HAL_RCCEx_PeriphCLKConfig
                0x0800249c      0x320 ./Drivers/STM32F3xx_HAL_Driver/Src/stm32f3xx_hal_rcc_ex.o
                0x0800249c                HAL_RCCEx_PeriphCLKConfig
 .text.HAL_SPI_Init
                0x080027bc      0x156 ./Drivers/STM32F3xx_HAL_Driver/Src/stm32f3xx_hal_spi.o
                0x080027bc                HAL_SPI_Init
 *fill*         0x08002912        0x2 
 .text.HAL_SPI_Transmit_DMA
                0x08002914      0x1e0 ./Drivers/STM32F3xx_HAL_Driver/Src/stm32f3xx_hal_spi.o
                0x08002914                HAL_SPI_Transmit_DMA
 .text.HAL_SPI_TxCpltCallback
                0x08002af4       0x14 ./Drivers/STM32F3xx_HAL_Driver/Src/stm32f3xx_hal_spi.o
                0x08002af4                HAL_SPI_TxCpltCallback
 .text.HAL_SPI_TxHalfCpltCallback
                0x08002b08       0x14 ./Drivers/STM32F3xx_HAL_Driver/Src/stm32f3xx_hal_spi.o
                0x08002b08                HAL_SPI_TxHalfCpltCallback
 .text.HAL_SPI_ErrorCallback
                0x08002b1c       0x14 ./Drivers/STM32F3xx_HAL_Driver/Src/stm32f3xx_hal_spi.o
                0x08002b1c                HAL_SPI_ErrorCallback
 .text.SPI_DMATransmitCplt
                0x08002b30       0xa6 ./Drivers/STM32F3xx_HAL_Driver/Src/stm32f3xx_hal_spi.o
 .text.SPI_DMAHalfTransmitCplt
                0x08002bd6       0x1c ./Drivers/STM32F3xx_HAL_Driver/Src/stm32f3xx_hal_spi.o
 .text.SPI_DMAError
                0x08002bf2       0x40 ./Drivers/STM32F3xx_HAL_Driver/Src/stm32f3xx_hal_spi.o
 *fill*         0x08002c32        0x2 
 .text.SPI_WaitFlagStateUntilTimeout
                0x08002c34      0x110 ./Drivers/STM32F3xx_HAL_Driver/Src/stm32f3xx_hal_spi.o
 .text.SPI_WaitFifoStateUntilTimeout
                0x08002d44      0x12c ./Drivers/STM32F3xx_HAL_Driver/Src/stm32f3xx_hal_spi.o
 .text.SPI_EndRxTxTransaction
                0x08002e70       0x8c ./Drivers/STM32F3xx_HAL_Driver/Src/stm32f3xx_hal_spi.o
 .text.HAL_UART_Init
                0x08002efc       0x9c ./Drivers/STM32F3xx_HAL_Driver/Src/stm32f3xx_hal_uart.o
                0x08002efc                HAL_UART_Init
 .text.UART_SetConfig
                0x08002f98      0x3a8 ./Drivers/STM32F3xx_HAL_Driver/Src/stm32f3xx_hal_uart.o
                0x08002f98                UART_SetConfig
 .text.UART_AdvFeatureConfig
                0x08003340      0x144 ./Drivers/STM32F3xx_HAL_Driver/Src/stm32f3xx_hal_uart.o
                0x08003340                UART_AdvFeatureConfig
 .text.UART_CheckIdleState
                0x08003484      0x150 ./Drivers/STM32F3xx_HAL_Driver/Src/stm32f3xx_hal_uart.o
                0x08003484                UART_CheckIdleState
 .text.UART_WaitOnFlagUntilTimeout
                0x080035d4       0xda ./Drivers/STM32F3xx_HAL_Driver/Src/stm32f3xx_hal_uart.o
                0x080035d4                UART_WaitOnFlagUntilTimeout
 .text.UART_EndRxTransfer
                0x080036ae       0xc8 ./Drivers/STM32F3xx_HAL_Driver/Src/stm32f3xx_hal_uart.o
 .text.memset   0x08003776       0x10 C:/ST/STM32CubeIDE_1.19.0/STM32CubeIDE/plugins/com.st.stm32cube.ide.mcu.externaltools.gnu-tools-for-stm32.13.3.rel1.win32_1.0.0.202411081344/tools/bin/../lib/gcc/arm-none-eabi/13.3.1/../../../../arm-none-eabi/lib/thumb/v7e-m+fp/hard\libc_nano.a(libc_a-memset.o)
                0x08003776                memset
 *fill*         0x08003786        0x2 
 .text.__libc_init_array
                0x08003788       0x48 C:/ST/STM32CubeIDE_1.19.0/STM32CubeIDE/plugins/com.st.stm32cube.ide.mcu.externaltools.gnu-tools-for-stm32.13.3.rel1.win32_1.0.0.202411081344/tools/bin/../lib/gcc/arm-none-eabi/13.3.1/../../../../arm-none-eabi/lib/thumb/v7e-m+fp/hard\libc_nano.a(libc_a-init.o)
                0x08003788                __libc_init_array
 *(.glue_7)
 .glue_7        0x080037d0        0x0 linker stubs
 *(.glue_7t)
 .glue_7t       0x080037d0        0x0 linker stubs
 *(.eh_frame)
 .eh_frame      0x080037d0        0x0 C:/ST/STM32CubeIDE_1.19.0/STM32CubeIDE/plugins/com.st.stm32cube.ide.mcu.externaltools.gnu-tools-for-stm32.13.3.rel1.win32_1.0.0.202411081344/tools/bin/../lib/gcc/arm-none-eabi/13.3.1/thumb/v7e-m+fp/hard/crtbegin.o
 *(.init)
 .init          0x080037d0        0x4 C:/ST/STM32CubeIDE_1.19.0/STM32CubeIDE/plugins/com.st.stm32cube.ide.mcu.externaltools.gnu-tools-for-stm32.13.3.rel1.win32_1.0.0.202411081344/tools/bin/../lib/gcc/arm-none-eabi/13.3.1/thumb/v7e-m+fp/hard/crti.o
                0x080037d0                _init
 .init          0x080037d4        0x8 C:/ST/STM32CubeIDE_1.19.0/STM32CubeIDE/plugins/com.st.stm32cube.ide.mcu.externaltools.gnu-tools-for-stm32.13.3.rel1.win32_1.0.0.202411081344/tools/bin/../lib/gcc/arm-none-eabi/13.3.1/thumb/v7e-m+fp/hard/crtn.o
 *(.fini)
 .fini          0x080037dc        0x4 C:/ST/STM32CubeIDE_1.19.0/STM32CubeIDE/plugins/com.st.stm32cube.ide.mcu.externaltools.gnu-tools-for-stm32.13.3.rel1.win32_1.0.0.202411081344/tools/bin/../lib/gcc/arm-none-eabi/13.3.1/thumb/v7e-m+fp/hard/crti.o
                0x080037dc                _fini
 .fini          0x080037e0        0x8 C:/ST/STM32CubeIDE_1.19.0/STM32CubeIDE/plugins/com.st.stm32cube.ide.mcu.externaltools.gnu-tools-for-stm32.13.3.rel1.win32_1.0.0.202411081344/tools/bin/../lib/gcc/arm-none-eabi/13.3.1/thumb/v7e-m+fp/hard/crtn.o
                0x080037e8                        . = ALIGN (0x4)
                0x080037e8                        _etext = .

.vfp11_veneer   0x080037e8        0x0
 .vfp11_veneer  0x080037e8        0x0 linker stubs

.v4_bx          0x080037e8        0x0
 .v4_bx         0x080037e8        0x0 linker stubs

.iplt           0x080037e8        0x0
 .iplt          0x080037e8        0x0 C:/ST/STM32CubeIDE_1.19.0/STM32CubeIDE/plugins/com.st.stm32cube.ide.mcu.externaltools.gnu-tools-for-stm32.13.3.rel1.win32_1.0.0.202411081344/tools/bin/../lib/gcc/arm-none-eabi/13.3.1/thumb/v7e-m+fp/hard/crtbegin.o

.rodata         0x080037e8       0x38
                0x080037e8                        . = ALIGN (0x4)
 *(.rodata)
 *(.rodata*)
 .rodata.AHBPrescTable
                0x080037e8       0x10 ./Core/Src/system_stm32f3xx.o
                0x080037e8                AHBPrescTable
 .rodata.APBPrescTable
                0x080037f8        0x8 ./Core/Src/system_stm32f3xx.o
                0x080037f8                APBPrescTable
 .rodata.aPLLMULFactorTable
                0x08003800       0x10 ./Drivers/STM32F3xx_HAL_Driver/Src/stm32f3xx_hal_rcc.o
 .rodata.aPredivFactorTable
                0x08003810       0x10 ./Drivers/STM32F3xx_HAL_Driver/Src/stm32f3xx_hal_rcc.o
                0x08003820                        . = ALIGN (0x4)

.ARM.extab      0x08003820        0x0
                0x08003820                        . = ALIGN (0x4)
 *(.ARM.extab* .gnu.linkonce.armextab.*)
                0x08003820                        . = ALIGN (0x4)

.ARM            0x08003820        0x0
                0x08003820                        . = ALIGN (0x4)
                0x08003820                        __exidx_start = .
 *(.ARM.exidx*)
                0x08003820                        __exidx_end = .
                0x08003820                        . = ALIGN (0x4)

.preinit_array  0x08003820        0x0
                0x08003820                        . = ALIGN (0x4)
                0x08003820                        PROVIDE (__preinit_array_start = .)
 *(.preinit_array*)
                0x08003820                        PROVIDE (__preinit_array_end = .)
                0x08003820                        . = ALIGN (0x4)

.init_array     0x08003820        0x4
                0x08003820                        . = ALIGN (0x4)
                0x08003820                        PROVIDE (__init_array_start = .)
 *(SORT_BY_NAME(.init_array.*))
 *(.init_array*)
 .init_array    0x08003820        0x4 C:/ST/STM32CubeIDE_1.19.0/STM32CubeIDE/plugins/com.st.stm32cube.ide.mcu.externaltools.gnu-tools-for-stm32.13.3.rel1.win32_1.0.0.202411081344/tools/bin/../lib/gcc/arm-none-eabi/13.3.1/thumb/v7e-m+fp/hard/crtbegin.o
                0x08003824                        PROVIDE (__init_array_end = .)
                0x08003824                        . = ALIGN (0x4)

.fini_array     0x08003824        0x4
                0x08003824                        . = ALIGN (0x4)
                [!provide]                        PROVIDE (__fini_array_start = .)
 *(SORT_BY_NAME(.fini_array.*))
 *(.fini_array*)
 .fini_array    0x08003824        0x4 C:/ST/STM32CubeIDE_1.19.0/STM32CubeIDE/plugins/com.st.stm32cube.ide.mcu.externaltools.gnu-tools-for-stm32.13.3.rel1.win32_1.0.0.202411081344/tools/bin/../lib/gcc/arm-none-eabi/13.3.1/thumb/v7e-m+fp/hard/crtbegin.o
                [!provide]                        PROVIDE (__fini_array_end = .)
                0x08003828                        . = ALIGN (0x4)
                0x08003828                        _sidata = LOADADDR (.data)

.rel.dyn        0x08003828        0x0
 .rel.iplt      0x08003828        0x0 C:/ST/STM32CubeIDE_1.19.0/STM32CubeIDE/plugins/com.st.stm32cube.ide.mcu.externaltools.gnu-tools-for-stm32.13.3.rel1.win32_1.0.0.202411081344/tools/bin/../lib/gcc/arm-none-eabi/13.3.1/thumb/v7e-m+fp/hard/crtbegin.o

.data           0x20000000       0xdc load address 0x08003828
                0x20000000                        . = ALIGN (0x4)
                0x20000000                        _sdata = .
 *(.data)
 *(.data*)
 .data.l_Data   0x20000000       0xd0 ./Core/Src/main.o
                0x20000000                l_Data
 .data.SystemCoreClock
                0x200000d0        0x4 ./Core/Src/system_stm32f3xx.o
                0x200000d0                SystemCoreClock
 .data.uwTickPrio
                0x200000d4        0x4 ./Drivers/STM32F3xx_HAL_Driver/Src/stm32f3xx_hal.o
                0x200000d4                uwTickPrio
 .data.uwTickFreq
                0x200000d8        0x1 ./Drivers/STM32F3xx_HAL_Driver/Src/stm32f3xx_hal.o
                0x200000d8                uwTickFreq
 *(.RamFunc)
 *(.RamFunc*)
                0x200000dc                        . = ALIGN (0x4)
 *fill*         0x200000d9        0x3 
                0x200000dc                        _edata = .

.igot.plt       0x200000dc        0x0 load address 0x08003904
 .igot.plt      0x200000dc        0x0 C:/ST/STM32CubeIDE_1.19.0/STM32CubeIDE/plugins/com.st.stm32cube.ide.mcu.externaltools.gnu-tools-for-stm32.13.3.rel1.win32_1.0.0.202411081344/tools/bin/../lib/gcc/arm-none-eabi/13.3.1/thumb/v7e-m+fp/hard/crtbegin.o
                0x200000dc                        . = ALIGN (0x4)

.bss            0x200000dc      0x150 load address 0x08003904
                0x200000dc                        _sbss = .
                0x200000dc                        __bss_start__ = _sbss
 *(.bss)
 .bss           0x200000dc       0x1c C:/ST/STM32CubeIDE_1.19.0/STM32CubeIDE/plugins/com.st.stm32cube.ide.mcu.externaltools.gnu-tools-for-stm32.13.3.rel1.win32_1.0.0.202411081344/tools/bin/../lib/gcc/arm-none-eabi/13.3.1/thumb/v7e-m+fp/hard/crtbegin.o
 *(.bss*)
 .bss.hspi1     0x200000f8       0x64 ./Core/Src/main.o
                0x200000f8                hspi1
 .bss.hdma_spi1_tx
                0x2000015c       0x44 ./Core/Src/main.o
                0x2000015c                hdma_spi1_tx
 .bss.huart1    0x200001a0       0x88 ./Core/Src/main.o
                0x200001a0                huart1
 .bss.uwTick    0x20000228        0x4 ./Drivers/STM32F3xx_HAL_Driver/Src/stm32f3xx_hal.o
                0x20000228                uwTick
 *(COMMON)
                0x2000022c                        . = ALIGN (0x4)
                0x2000022c                        _ebss = .
                0x2000022c                        __bss_end__ = _ebss

._user_heap_stack
                0x2000022c      0x604 load address 0x08003904
                0x20000230                        . = ALIGN (0x8)
 *fill*         0x2000022c        0x4 
                [!provide]                        PROVIDE (end = .)
                0x20000230                        PROVIDE (_end = .)
                0x20000430                        . = (. + _Min_Heap_Size)
 *fill*         0x20000230      0x200 
                0x20000830                        . = (. + _Min_Stack_Size)
 *fill*         0x20000430      0x400 
                0x20000830                        . = ALIGN (0x8)

/DISCARD/
 libc.a(*)
 libm.a(*)
 libgcc.a(*)

.ARM.attributes
                0x00000000       0x30
 *(.ARM.attributes)
 .ARM.attributes
                0x00000000       0x22 C:/ST/STM32CubeIDE_1.19.0/STM32CubeIDE/plugins/com.st.stm32cube.ide.mcu.externaltools.gnu-tools-for-stm32.13.3.rel1.win32_1.0.0.202411081344/tools/bin/../lib/gcc/arm-none-eabi/13.3.1/thumb/v7e-m+fp/hard/crti.o
 .ARM.attributes
                0x00000022       0x34 C:/ST/STM32CubeIDE_1.19.0/STM32CubeIDE/plugins/com.st.stm32cube.ide.mcu.externaltools.gnu-tools-for-stm32.13.3.rel1.win32_1.0.0.202411081344/tools/bin/../lib/gcc/arm-none-eabi/13.3.1/thumb/v7e-m+fp/hard/crtbegin.o
 .ARM.attributes
                0x00000056       0x34 ./Core/Src/main.o
 .ARM.attributes
                0x0000008a       0x34 ./Core/Src/stm32f3xx_hal_msp.o
 .ARM.attributes
                0x000000be       0x34 ./Core/Src/stm32f3xx_it.o
 .ARM.attributes
                0x000000f2       0x34 ./Core/Src/system_stm32f3xx.o
 .ARM.attributes
                0x00000126       0x21 ./Core/Startup/startup_stm32f302rbtx.o
 .ARM.attributes
                0x00000147       0x34 ./Drivers/STM32F3xx_HAL_Driver/Src/stm32f3xx_hal.o
 .ARM.attributes
                0x0000017b       0x34 ./Drivers/STM32F3xx_HAL_Driver/Src/stm32f3xx_hal_cortex.o
 .ARM.attributes
                0x000001af       0x34 ./Drivers/STM32F3xx_HAL_Driver/Src/stm32f3xx_hal_dma.o
 .ARM.attributes
                0x000001e3       0x34 ./Drivers/STM32F3xx_HAL_Driver/Src/stm32f3xx_hal_gpio.o
 .ARM.attributes
                0x00000217       0x34 ./Drivers/STM32F3xx_HAL_Driver/Src/stm32f3xx_hal_rcc.o
 .ARM.attributes
                0x0000024b       0x34 ./Drivers/STM32F3xx_HAL_Driver/Src/stm32f3xx_hal_rcc_ex.o
 .ARM.attributes
                0x0000027f       0x34 ./Drivers/STM32F3xx_HAL_Driver/Src/stm32f3xx_hal_spi.o
 .ARM.attributes
                0x000002b3       0x34 ./Drivers/STM32F3xx_HAL_Driver/Src/stm32f3xx_hal_uart.o
 .ARM.attributes
                0x000002e7       0x34 C:/ST/STM32CubeIDE_1.19.0/STM32CubeIDE/plugins/com.st.stm32cube.ide.mcu.externaltools.gnu-tools-for-stm32.13.3.rel1.win32_1.0.0.202411081344/tools/bin/../lib/gcc/arm-none-eabi/13.3.1/../../../../arm-none-eabi/lib/thumb/v7e-m+fp/hard\libc_nano.a(libc_a-memset.o)
 .ARM.attributes
                0x0000031b       0x34 C:/ST/STM32CubeIDE_1.19.0/STM32CubeIDE/plugins/com.st.stm32cube.ide.mcu.externaltools.gnu-tools-for-stm32.13.3.rel1.win32_1.0.0.202411081344/tools/bin/../lib/gcc/arm-none-eabi/13.3.1/../../../../arm-none-eabi/lib/thumb/v7e-m+fp/hard\libc_nano.a(libc_a-init.o)
 .ARM.attributes
                0x0000034f       0x22 C:/ST/STM32CubeIDE_1.19.0/STM32CubeIDE/plugins/com.st.stm32cube.ide.mcu.externaltools.gnu-tools-for-stm32.13.3.rel1.win32_1.0.0.202411081344/tools/bin/../lib/gcc/arm-none-eabi/13.3.1/thumb/v7e-m+fp/hard/crtn.o
OUTPUT(DMX_45CH.elf elf32-littlearm)
LOAD linker stubs
LOAD C:/ST/STM32CubeIDE_1.19.0/STM32CubeIDE/plugins/com.st.stm32cube.ide.mcu.externaltools.gnu-tools-for-stm32.13.3.rel1.win32_1.0.0.202411081344/tools/bin/../lib/gcc/arm-none-eabi/13.3.1/../../../../arm-none-eabi/lib/thumb/v7e-m+fp/hard\libc.a
LOAD C:/ST/STM32CubeIDE_1.19.0/STM32CubeIDE/plugins/com.st.stm32cube.ide.mcu.externaltools.gnu-tools-for-stm32.13.3.rel1.win32_1.0.0.202411081344/tools/bin/../lib/gcc/arm-none-eabi/13.3.1/../../../../arm-none-eabi/lib/thumb/v7e-m+fp/hard\libm.a
LOAD C:/ST/STM32CubeIDE_1.19.0/STM32CubeIDE/plugins/com.st.stm32cube.ide.mcu.externaltools.gnu-tools-for-stm32.13.3.rel1.win32_1.0.0.202411081344/tools/bin/../lib/gcc/arm-none-eabi/13.3.1/thumb/v7e-m+fp/hard\libgcc.a

.debug_info     0x00000000     0xb090
 .debug_info    0x00000000     0x1163 ./Core/Src/main.o
 .debug_info    0x00001163      0xc75 ./Core/Src/stm32f3xx_hal_msp.o
 .debug_info    0x00001dd8      0x359 ./Core/Src/stm32f3xx_it.o
 .debug_info    0x00002131      0x407 ./Core/Src/system_stm32f3xx.o
 .debug_info    0x00002538       0x30 ./Core/Startup/startup_stm32f302rbtx.o
 .debug_info    0x00002568      0x7a4 ./Drivers/STM32F3xx_HAL_Driver/Src/stm32f3xx_hal.o
 .debug_info    0x00002d0c      0xcb4 ./Drivers/STM32F3xx_HAL_Driver/Src/stm32f3xx_hal_cortex.o
 .debug_info    0x000039c0      0x6e1 ./Drivers/STM32F3xx_HAL_Driver/Src/stm32f3xx_hal_dma.o
 .debug_info    0x000040a1      0x5fe ./Drivers/STM32F3xx_HAL_Driver/Src/stm32f3xx_hal_gpio.o
 .debug_info    0x0000469f     0x148a ./Drivers/STM32F3xx_HAL_Driver/Src/stm32f3xx_hal_rcc.o
 .debug_info    0x00005b29      0x59d ./Drivers/STM32F3xx_HAL_Driver/Src/stm32f3xx_hal_rcc_ex.o
 .debug_info    0x000060c6     0x1622 ./Drivers/STM32F3xx_HAL_Driver/Src/stm32f3xx_hal_spi.o
 .debug_info    0x000076e8     0x39a8 ./Drivers/STM32F3xx_HAL_Driver/Src/stm32f3xx_hal_uart.o

.debug_abbrev   0x00000000     0x1a58
 .debug_abbrev  0x00000000      0x25e ./Core/Src/main.o
 .debug_abbrev  0x0000025e      0x1e9 ./Core/Src/stm32f3xx_hal_msp.o
 .debug_abbrev  0x00000447      0x16e ./Core/Src/stm32f3xx_it.o
 .debug_abbrev  0x000005b5      0x11a ./Core/Src/system_stm32f3xx.o
 .debug_abbrev  0x000006cf       0x24 ./Core/Startup/startup_stm32f302rbtx.o
 .debug_abbrev  0x000006f3      0x215 ./Drivers/STM32F3xx_HAL_Driver/Src/stm32f3xx_hal.o
 .debug_abbrev  0x00000908      0x31e ./Drivers/STM32F3xx_HAL_Driver/Src/stm32f3xx_hal_cortex.o
 .debug_abbrev  0x00000c26      0x20d ./Drivers/STM32F3xx_HAL_Driver/Src/stm32f3xx_hal_dma.o
 .debug_abbrev  0x00000e33      0x1ca ./Drivers/STM32F3xx_HAL_Driver/Src/stm32f3xx_hal_gpio.o
 .debug_abbrev  0x00000ffd      0x300 ./Drivers/STM32F3xx_HAL_Driver/Src/stm32f3xx_hal_rcc.o
 .debug_abbrev  0x000012fd      0x221 ./Drivers/STM32F3xx_HAL_Driver/Src/stm32f3xx_hal_rcc_ex.o
 .debug_abbrev  0x0000151e      0x269 ./Drivers/STM32F3xx_HAL_Driver/Src/stm32f3xx_hal_spi.o
 .debug_abbrev  0x00001787      0x2d1 ./Drivers/STM32F3xx_HAL_Driver/Src/stm32f3xx_hal_uart.o

.debug_aranges  0x00000000      0x8f0
 .debug_aranges
                0x00000000       0x50 ./Core/Src/main.o
 .debug_aranges
                0x00000050       0x40 ./Core/Src/stm32f3xx_hal_msp.o
 .debug_aranges
                0x00000090       0x68 ./Core/Src/stm32f3xx_it.o
 .debug_aranges
                0x000000f8       0x28 ./Core/Src/system_stm32f3xx.o
 .debug_aranges
                0x00000120       0x28 ./Core/Startup/startup_stm32f302rbtx.o
 .debug_aranges
                0x00000148       0xe0 ./Drivers/STM32F3xx_HAL_Driver/Src/stm32f3xx_hal.o
 .debug_aranges
                0x00000228      0x128 ./Drivers/STM32F3xx_HAL_Driver/Src/stm32f3xx_hal_cortex.o
 .debug_aranges
                0x00000350       0x88 ./Drivers/STM32F3xx_HAL_Driver/Src/stm32f3xx_hal_dma.o
 .debug_aranges
                0x000003d8       0x58 ./Drivers/STM32F3xx_HAL_Driver/Src/stm32f3xx_hal_gpio.o
 .debug_aranges
                0x00000430       0x88 ./Drivers/STM32F3xx_HAL_Driver/Src/stm32f3xx_hal_rcc.o
 .debug_aranges
                0x000004b8       0x38 ./Drivers/STM32F3xx_HAL_Driver/Src/stm32f3xx_hal_rcc_ex.o
 .debug_aranges
                0x000004f0      0x1d8 ./Drivers/STM32F3xx_HAL_Driver/Src/stm32f3xx_hal_spi.o
 .debug_aranges
                0x000006c8      0x228 ./Drivers/STM32F3xx_HAL_Driver/Src/stm32f3xx_hal_uart.o

.debug_rnglists
                0x00000000      0x6e6
 .debug_rnglists
                0x00000000       0x38 ./Core/Src/main.o
 .debug_rnglists
                0x00000038       0x2d ./Core/Src/stm32f3xx_hal_msp.o
 .debug_rnglists
                0x00000065       0x49 ./Core/Src/stm32f3xx_it.o
 .debug_rnglists
                0x000000ae       0x1a ./Core/Src/system_stm32f3xx.o
 .debug_rnglists
                0x000000c8       0x19 ./Core/Startup/startup_stm32f302rbtx.o
 .debug_rnglists
                0x000000e1       0xa3 ./Drivers/STM32F3xx_HAL_Driver/Src/stm32f3xx_hal.o
 .debug_rnglists
                0x00000184       0xda ./Drivers/STM32F3xx_HAL_Driver/Src/stm32f3xx_hal_cortex.o
 .debug_rnglists
                0x0000025e       0x69 ./Drivers/STM32F3xx_HAL_Driver/Src/stm32f3xx_hal_dma.o
 .debug_rnglists
                0x000002c7       0x3f ./Drivers/STM32F3xx_HAL_Driver/Src/stm32f3xx_hal_gpio.o
 .debug_rnglists
                0x00000306       0x66 ./Drivers/STM32F3xx_HAL_Driver/Src/stm32f3xx_hal_rcc.o
 .debug_rnglists
                0x0000036c       0x28 ./Drivers/STM32F3xx_HAL_Driver/Src/stm32f3xx_hal_rcc_ex.o
 .debug_rnglists
                0x00000394      0x178 ./Drivers/STM32F3xx_HAL_Driver/Src/stm32f3xx_hal_spi.o
 .debug_rnglists
                0x0000050c      0x1da ./Drivers/STM32F3xx_HAL_Driver/Src/stm32f3xx_hal_uart.o

.debug_macro    0x00000000    0x1b42d
 .debug_macro   0x00000000      0x1f4 ./Core/Src/main.o
 .debug_macro   0x000001f4      0xad8 ./Core/Src/main.o
 .debug_macro   0x00000ccc      0x15e ./Core/Src/main.o
 .debug_macro   0x00000e2a       0x2e ./Core/Src/main.o
 .debug_macro   0x00000e58       0x28 ./Core/Src/main.o
 .debug_macro   0x00000e80       0x22 ./Core/Src/main.o
 .debug_macro   0x00000ea2       0x8e ./Core/Src/main.o
 .debug_macro   0x00000f30       0x51 ./Core/Src/main.o
 .debug_macro   0x00000f81      0x103 ./Core/Src/main.o
 .debug_macro   0x00001084       0x6a ./Core/Src/main.o
 .debug_macro   0x000010ee      0x1df ./Core/Src/main.o
 .debug_macro   0x000012cd       0x1c ./Core/Src/main.o
 .debug_macro   0x000012e9       0x22 ./Core/Src/main.o
 .debug_macro   0x0000130b       0xd9 ./Core/Src/main.o
 .debug_macro   0x000013e4     0x102d ./Core/Src/main.o
 .debug_macro   0x00002411      0x11f ./Core/Src/main.o
 .debug_macro   0x00002530    0x11851 ./Core/Src/main.o
 .debug_macro   0x00013d81       0x6d ./Core/Src/main.o
 .debug_macro   0x00013dee     0x3574 ./Core/Src/main.o
 .debug_macro   0x00017362      0x190 ./Core/Src/main.o
 .debug_macro   0x000174f2       0x55 ./Core/Src/main.o
 .debug_macro   0x00017547      0x961 ./Core/Src/main.o
 .debug_macro   0x00017ea8      0x4df ./Core/Src/main.o
 .debug_macro   0x00018387      0x1b5 ./Core/Src/main.o
 .debug_macro   0x0001853c      0x173 ./Core/Src/main.o
 .debug_macro   0x000186af      0x1dc ./Core/Src/main.o
 .debug_macro   0x0001888b      0x1bc ./Core/Src/main.o
 .debug_macro   0x00018a47       0x30 ./Core/Src/main.o
 .debug_macro   0x00018a77       0x3c ./Core/Src/main.o
 .debug_macro   0x00018ab3      0x235 ./Core/Src/main.o
 .debug_macro   0x00018ce8       0xc5 ./Core/Src/main.o
 .debug_macro   0x00018dad      0x21d ./Core/Src/main.o
 .debug_macro   0x00018fca      0x22c ./Core/Src/main.o
 .debug_macro   0x000191f6       0x5b ./Core/Src/main.o
 .debug_macro   0x00019251       0xa5 ./Core/Src/main.o
 .debug_macro   0x000192f6       0x81 ./Core/Src/main.o
 .debug_macro   0x00019377       0xd3 ./Core/Src/main.o
 .debug_macro   0x0001944a      0x2fe ./Core/Src/main.o
 .debug_macro   0x00019748      0x5ba ./Core/Src/main.o
 .debug_macro   0x00019d02       0x3e ./Core/Src/main.o
 .debug_macro   0x00019d40      0x213 ./Core/Src/main.o
 .debug_macro   0x00019f53      0x1e2 ./Core/Src/stm32f3xx_hal_msp.o
 .debug_macro   0x0001a135      0x1ec ./Core/Src/stm32f3xx_it.o
 .debug_macro   0x0001a321      0x1d8 ./Core/Src/system_stm32f3xx.o
 .debug_macro   0x0001a4f9      0x1fc ./Drivers/STM32F3xx_HAL_Driver/Src/stm32f3xx_hal.o
 .debug_macro   0x0001a6f5      0x1d8 ./Drivers/STM32F3xx_HAL_Driver/Src/stm32f3xx_hal_cortex.o
 .debug_macro   0x0001a8cd      0x1d8 ./Drivers/STM32F3xx_HAL_Driver/Src/stm32f3xx_hal_dma.o
 .debug_macro   0x0001aaa5      0x1df ./Drivers/STM32F3xx_HAL_Driver/Src/stm32f3xx_hal_gpio.o
 .debug_macro   0x0001ac84      0x1fc ./Drivers/STM32F3xx_HAL_Driver/Src/stm32f3xx_hal_rcc.o
 .debug_macro   0x0001ae80      0x1d8 ./Drivers/STM32F3xx_HAL_Driver/Src/stm32f3xx_hal_rcc_ex.o
 .debug_macro   0x0001b058      0x1e0 ./Drivers/STM32F3xx_HAL_Driver/Src/stm32f3xx_hal_spi.o
 .debug_macro   0x0001b238      0x1f5 ./Drivers/STM32F3xx_HAL_Driver/Src/stm32f3xx_hal_uart.o

.debug_line     0x00000000     0xc15f
 .debug_line    0x00000000      0x8ce ./Core/Src/main.o
 .debug_line    0x000008ce      0x833 ./Core/Src/stm32f3xx_hal_msp.o
 .debug_line    0x00001101      0x838 ./Core/Src/stm32f3xx_it.o
 .debug_line    0x00001939      0x7eb ./Core/Src/system_stm32f3xx.o
 .debug_line    0x00002124       0x7a ./Core/Startup/startup_stm32f302rbtx.o
 .debug_line    0x0000219e      0xa27 ./Drivers/STM32F3xx_HAL_Driver/Src/stm32f3xx_hal.o
 .debug_line    0x00002bc5      0xcf2 ./Drivers/STM32F3xx_HAL_Driver/Src/stm32f3xx_hal_cortex.o
 .debug_line    0x000038b7      0xd15 ./Drivers/STM32F3xx_HAL_Driver/Src/stm32f3xx_hal_dma.o
 .debug_line    0x000045cc      0xb72 ./Drivers/STM32F3xx_HAL_Driver/Src/stm32f3xx_hal_gpio.o
 .debug_line    0x0000513e     0x1586 ./Drivers/STM32F3xx_HAL_Driver/Src/stm32f3xx_hal_rcc.o
 .debug_line    0x000066c4      0xd27 ./Drivers/STM32F3xx_HAL_Driver/Src/stm32f3xx_hal_rcc_ex.o
 .debug_line    0x000073eb     0x20fa ./Drivers/STM32F3xx_HAL_Driver/Src/stm32f3xx_hal_spi.o
 .debug_line    0x000094e5     0x2c7a ./Drivers/STM32F3xx_HAL_Driver/Src/stm32f3xx_hal_uart.o

.debug_str      0x00000000    0xa2833
 .debug_str     0x00000000    0xa2833 ./Core/Src/main.o
                              0xa117c (size before relaxing)
 .debug_str     0x000a2833    0xa0a82 ./Core/Src/stm32f3xx_hal_msp.o
 .debug_str     0x000a2833    0xa05bc ./Core/Src/stm32f3xx_it.o
 .debug_str     0x000a2833    0xa0427 ./Core/Src/system_stm32f3xx.o
 .debug_str     0x000a2833       0x8f ./Core/Startup/startup_stm32f302rbtx.o
 .debug_str     0x000a2833    0xa0bfe ./Drivers/STM32F3xx_HAL_Driver/Src/stm32f3xx_hal.o
 .debug_str     0x000a2833    0xa0c82 ./Drivers/STM32F3xx_HAL_Driver/Src/stm32f3xx_hal_cortex.o
 .debug_str     0x000a2833    0xa076f ./Drivers/STM32F3xx_HAL_Driver/Src/stm32f3xx_hal_dma.o
 .debug_str     0x000a2833    0xa059d ./Drivers/STM32F3xx_HAL_Driver/Src/stm32f3xx_hal_gpio.o
 .debug_str     0x000a2833    0xa08c7 ./Drivers/STM32F3xx_HAL_Driver/Src/stm32f3xx_hal_rcc.o
 .debug_str     0x000a2833    0xa0664 ./Drivers/STM32F3xx_HAL_Driver/Src/stm32f3xx_hal_rcc_ex.o
 .debug_str     0x000a2833    0xa0d4d ./Drivers/STM32F3xx_HAL_Driver/Src/stm32f3xx_hal_spi.o
 .debug_str     0x000a2833    0xa114a ./Drivers/STM32F3xx_HAL_Driver/Src/stm32f3xx_hal_uart.o

.comment        0x00000000       0x43
 .comment       0x00000000       0x43 ./Core/Src/main.o
                                 0x44 (size before relaxing)
 .comment       0x00000043       0x44 ./Core/Src/stm32f3xx_hal_msp.o
 .comment       0x00000043       0x44 ./Core/Src/stm32f3xx_it.o
 .comment       0x00000043       0x44 ./Core/Src/system_stm32f3xx.o
 .comment       0x00000043       0x44 ./Drivers/STM32F3xx_HAL_Driver/Src/stm32f3xx_hal.o
 .comment       0x00000043       0x44 ./Drivers/STM32F3xx_HAL_Driver/Src/stm32f3xx_hal_cortex.o
 .comment       0x00000043       0x44 ./Drivers/STM32F3xx_HAL_Driver/Src/stm32f3xx_hal_dma.o
 .comment       0x00000043       0x44 ./Drivers/STM32F3xx_HAL_Driver/Src/stm32f3xx_hal_gpio.o
 .comment       0x00000043       0x44 ./Drivers/STM32F3xx_HAL_Driver/Src/stm32f3xx_hal_rcc.o
 .comment       0x00000043       0x44 ./Drivers/STM32F3xx_HAL_Driver/Src/stm32f3xx_hal_rcc_ex.o
 .comment       0x00000043       0x44 ./Drivers/STM32F3xx_HAL_Driver/Src/stm32f3xx_hal_spi.o
 .comment       0x00000043       0x44 ./Drivers/STM32F3xx_HAL_Driver/Src/stm32f3xx_hal_uart.o

.debug_frame    0x00000000     0x240c
 .debug_frame   0x00000000       0xe8 ./Core/Src/main.o
 .debug_frame   0x000000e8       0xc8 ./Core/Src/stm32f3xx_hal_msp.o
 .debug_frame   0x000001b0      0x120 ./Core/Src/stm32f3xx_it.o
 .debug_frame   0x000002d0       0x58 ./Core/Src/system_stm32f3xx.o
 .debug_frame   0x00000328      0x334 ./Drivers/STM32F3xx_HAL_Driver/Src/stm32f3xx_hal.o
 .debug_frame   0x0000065c      0x4e8 ./Drivers/STM32F3xx_HAL_Driver/Src/stm32f3xx_hal_cortex.o
 .debug_frame   0x00000b44      0x224 ./Drivers/STM32F3xx_HAL_Driver/Src/stm32f3xx_hal_dma.o
 .debug_frame   0x00000d68      0x14c ./Drivers/STM32F3xx_HAL_Driver/Src/stm32f3xx_hal_gpio.o
 .debug_frame   0x00000eb4      0x214 ./Drivers/STM32F3xx_HAL_Driver/Src/stm32f3xx_hal_rcc.o
 .debug_frame   0x000010c8       0xb0 ./Drivers/STM32F3xx_HAL_Driver/Src/stm32f3xx_hal_rcc_ex.o
 .debug_frame   0x00001178      0x860 ./Drivers/STM32F3xx_HAL_Driver/Src/stm32f3xx_hal_spi.o
 .debug_frame   0x000019d8      0x9e8 ./Drivers/STM32F3xx_HAL_Driver/Src/stm32f3xx_hal_uart.o
 .debug_frame   0x000023c0       0x20 C:/ST/STM32CubeIDE_1.19.0/STM32CubeIDE/plugins/com.st.stm32cube.ide.mcu.externaltools.gnu-tools-for-stm32.13.3.rel1.win32_1.0.0.202411081344/tools/bin/../lib/gcc/arm-none-eabi/13.3.1/../../../../arm-none-eabi/lib/thumb/v7e-m+fp/hard\libc_nano.a(libc_a-memset.o)
 .debug_frame   0x000023e0       0x2c C:/ST/STM32CubeIDE_1.19.0/STM32CubeIDE/plugins/com.st.stm32cube.ide.mcu.externaltools.gnu-tools-for-stm32.13.3.rel1.win32_1.0.0.202411081344/tools/bin/../lib/gcc/arm-none-eabi/13.3.1/../../../../arm-none-eabi/lib/thumb/v7e-m+fp/hard\libc_nano.a(libc_a-init.o)

.debug_line_str
                0x00000000       0x73
 .debug_line_str
                0x00000000       0x73 ./Core/Startup/startup_stm32f302rbtx.o
