../Core/Src/main.c:74:6:HAL_UART_RxCpltCallback	16	static
../Core/Src/main.c:90:6:HAL_UART_LINBreakCallback	16	static
../Core/Src/main.c:101:5:main	8	static
../Core/Src/main.c:157:6:SystemClock_Config	120	static
../Core/Src/main.c:204:13:MX_SPI1_Init	8	static
../Core/Src/main.c:244:13:MX_TIM6_Init	24	static
../Core/Src/main.c:282:13:MX_USART1_UART_Init	8	static
../Core/Src/main.c:316:13:MX_DMA_Init	16	static
../Core/Src/main.c:334:13:MX_GPIO_Init	40	static
../Core/Src/main.c:388:6:Error_Handler	4	static,ignoring_inline_asm
